2026-08-05 10:35:27 | INFO     | train | 
============================================================
2026-08-05 10:35:27 | INFO     | train | STUDENT PERFORMANCE MODEL TRAINING
2026-08-05 10:35:27 | INFO     | train | ============================================================
2026-08-05 10:35:27 | INFO     | train | Log file: D:\Student Performance & Study Habits\ml\logs\train_20260805_103527.log
2026-08-05 10:35:27 | INFO     | train | Project root: D:\Student Performance & Study Habits
2026-08-05 10:35:27 | INFO     | train | Data path: D:\Student Performance & Study Habits\ml\data\students.csv
2026-08-05 10:35:27 | INFO     | train | Models dir: D:\Student Performance & Study Habits\ml\models
2026-08-05 10:35:27 | INFO     | train | Output dir: D:\Student Performance & Study Habits\ml\output
2026-08-05 10:35:27 | INFO     | train | Loading data from D:\Student Performance & Study Habits\ml\data\students.csv
2026-08-05 10:35:27 | INFO     | train | Data loaded in 0.006s: shape=(50, 12), columns=['gender', 'age', 'study_hours_per_day', 'attendance_percent', 'sleep_hours', 'previous_gpa', 'parental_education', 'internet_access', 'extracurricular', 'part_time_job', 'final_score', 'grade']
2026-08-05 10:35:27 | DEBUG    | train | Data types:
gender                  object
age                      int64
study_hours_per_day    float64
attendance_percent       int64
sleep_hours            float64
previous_gpa           float64
parental_education      object
internet_access          int64
extracurricular          int64
part_time_job            int64
final_score              int64
grade                   object
2026-08-05 10:35:27 | DEBUG    | train | Numeric summary:
            age  study_hours_per_day  attendance_percent  sleep_hours  previous_gpa  internet_access  extracurricular  part_time_job  final_score
count  50.00000             50.00000           50.000000     50.00000     50.000000        50.000000        50.000000      50.000000    50.000000
mean   18.52000              3.25800           84.120000      7.08800      3.090000         0.740000         0.580000       0.360000    75.700000
std     0.99468              1.18616           11.599859      1.06496      0.616524         0.443087         0.498569       0.484873    18.624375
min    17.00000              1.00000           55.000000      5.00000      1.800000         0.000000         0.000000       0.000000    38.000000
25%    18.00000              2.27500           78.000000      6.27500      2.725000         0.250000         0.000000       0.000000    62.250000
50%    18.00000              3.20000           87.500000      7.00000      3.200000         1.000000         1.000000       0.000000    80.500000
75%    19.00000              4.20000           92.750000      8.00000      3.600000         1.000000         1.000000       1.000000    91.750000
max    20.00000              5.50000           99.000000      9.00000      4.000000         1.000000         1.000000       1.000000    99.000000
2026-08-05 10:35:27 | DEBUG    | train | Missing values:
gender                 0
age                    0
study_hours_per_day    0
attendance_percent     0
sleep_hours            0
previous_gpa           0
parental_education     0
internet_access        0
extracurricular        0
part_time_job          0
final_score            0
grade                  0
2026-08-05 10:35:27 | DEBUG    | train | Feature types: numeric=['age', 'study_hours_per_day', 'attendance_percent', 'sleep_hours', 'previous_gpa'], categorical=['gender', 'parental_education'], binary=['internet_access', 'extracurricular', 'part_time_job']
2026-08-05 10:35:27 | INFO     | train | Numeric features: ['age', 'study_hours_per_day', 'attendance_percent', 'sleep_hours', 'previous_gpa']
2026-08-05 10:35:27 | INFO     | train | Categorical features: ['gender', 'parental_education']
2026-08-05 10:35:27 | INFO     | train | Binary features: ['internet_access', 'extracurricular', 'part_time_job']
2026-08-05 10:35:27 | INFO     | train | Created interaction features: ['study_attendance_interaction', 'study_gpa_interaction', 'sleep_attendance_interaction', 'attendance_gpa_interaction']
2026-08-05 10:35:27 | INFO     | train | Target regression range: [38, 99], mean=75.70
2026-08-05 10:35:27 | INFO     | train | Target classification distribution: {np.int64(0): np.int64(10), np.int64(1): np.int64(6), np.int64(2): np.int64(8), np.int64(3): np.int64(5), np.int64(4): np.int64(21)}
2026-08-05 10:35:27 | DEBUG    | train | Enhanced preprocessor (with PolynomialFeatures): ['num', 'cat', 'bin']
2026-08-05 10:35:27 | INFO     | train | Transformed feature shape: (50, 61) (with interactions + poly)
2026-08-05 10:35:27 | DEBUG    | train | Final feature names (61): ['age', 'study_hours_per_day', 'attendance_percent', 'sleep_hours', 'previous_gpa', 'study_attendance_interaction', 'study_gpa_interaction', 'sleep_attendance_interaction', 'attendance_gpa_interaction', 'age^2', 'age study_hours_per_day', 'age attendance_percent', 'age sleep_hours', 'age previous_gpa', 'age study_attendance_interaction', 'age study_gpa_interaction', 'age sleep_attendance_interaction', 'age attendance_gpa_interaction', 'study_hours_per_day^2', 'study_hours_per_day attendance_percent', 'study_hours_per_day sleep_hours', 'study_hours_per_day previous_gpa', 'study_hours_per_day study_attendance_interaction', 'study_hours_per_day study_gpa_interaction', 'study_hours_per_day sleep_attendance_interaction', 'study_hours_per_day attendance_gpa_interaction', 'attendance_percent^2', 'attendance_percent sleep_hours', 'attendance_percent previous_gpa', 'attendance_percent study_attendance_interaction', 'attendance_percent study_gpa_interaction', 'attendance_percent sleep_attendance_interaction', 'attendance_percent attendance_gpa_interaction', 'sleep_hours^2', 'sleep_hours previous_gpa', 'sleep_hours study_attendance_interaction', 'sleep_hours study_gpa_interaction', 'sleep_hours sleep_attendance_interaction', 'sleep_hours attendance_gpa_interaction', 'previous_gpa^2', 'previous_gpa study_attendance_interaction', 'previous_gpa study_gpa_interaction', 'previous_gpa sleep_attendance_interaction', 'previous_gpa attendance_gpa_interaction', 'study_attendance_interaction^2', 'study_attendance_interaction study_gpa_interaction', 'study_attendance_interaction sleep_attendance_interaction', 'study_attendance_interaction attendance_gpa_interaction', 'study_gpa_interaction^2', 'study_gpa_interaction sleep_attendance_interaction', 'study_gpa_interaction attendance_gpa_interaction', 'sleep_attendance_interaction^2', 'sleep_attendance_interaction attendance_gpa_interaction', 'attendance_gpa_interaction^2', 'gender_Male', 'parental_education_High School', 'parental_education_Master', 'parental_education_PhD', 'internet_access', 'extracurricular', 'part_time_job']
2026-08-05 10:35:27 | INFO     | train | CV strategy: RepeatedKFold(n_splits=5, n_repeats=3) = 15 folds
2026-08-05 10:35:27 | INFO     | train | 
============================================================
2026-08-05 10:35:27 | INFO     | train | REGRESSION: Predicting Final_Score
2026-08-05 10:35:27 | INFO     | train | ============================================================
2026-08-05 10:35:27 | INFO     | train | 
--- Model: RidgeCV ---
2026-08-05 10:35:27 | INFO     | train | Evaluating RidgeCV (regression)...
2026-08-05 10:35:29 | INFO     | train |   CV completed in 2.59s
2026-08-05 10:35:29 | INFO     | train |   R²:     0.9886 (±0.0066) [train: 0.9965]
2026-08-05 10:35:29 | INFO     | train |   MAE:    1.3753 (±0.4506)
2026-08-05 10:35:29 | INFO     | train |   RMSE:   1.7509 (±0.5458)
2026-08-05 10:35:29 | INFO     | train |   MSE:    3.3637
2026-08-05 10:35:29 | INFO     | train | 
--- Model: RandomForest ---
2026-08-05 10:35:29 | INFO     | train | Tuning hyperparameters (GridSearchCV) for RandomForest...
2026-08-05 10:36:06 | INFO     | train |   Tuning completed in 36.07s
2026-08-05 10:36:06 | INFO     | train |   Best params: {'max_depth': 4, 'min_samples_leaf': 2, 'min_samples_split': 3, 'n_estimators': 200}
2026-08-05 10:36:06 | INFO     | train |   Best CV R²: 0.9774
2026-08-05 10:36:06 | DEBUG    | train |   Params: {'max_depth': 4, 'min_samples_leaf': 1, 'min_samples_split': 3, 'n_estimators': 200} -> R²: 0.9756 (±0.0201)
2026-08-05 10:36:06 | DEBUG    | train |   Params: {'max_depth': 4, 'min_samples_leaf': 1, 'min_samples_split': 3, 'n_estimators': 300} -> R²: 0.9763 (±0.0186)
2026-08-05 10:36:06 | DEBUG    | train |   Params: {'max_depth': 4, 'min_samples_leaf': 1, 'min_samples_split': 5, 'n_estimators': 200} -> R²: 0.9745 (±0.0182)
2026-08-05 10:36:06 | DEBUG    | train |   Params: {'max_depth': 4, 'min_samples_leaf': 1, 'min_samples_split': 5, 'n_estimators': 300} -> R²: 0.9750 (±0.0177)
2026-08-05 10:36:06 | DEBUG    | train |   Params: {'max_depth': 4, 'min_samples_leaf': 1, 'min_samples_split': 8, 'n_estimators': 200} -> R²: 0.9651 (±0.0226)
2026-08-05 10:36:06 | DEBUG    | train |   Params: {'max_depth': 4, 'min_samples_leaf': 1, 'min_samples_split': 8, 'n_estimators': 300} -> R²: 0.9651 (±0.0223)
2026-08-05 10:36:06 | DEBUG    | train |   Params: {'max_depth': 4, 'min_samples_leaf': 2, 'min_samples_split': 3, 'n_estimators': 200} -> R²: 0.9774 (±0.0170)
2026-08-05 10:36:06 | DEBUG    | train |   Params: {'max_depth': 4, 'min_samples_leaf': 2, 'min_samples_split': 3, 'n_estimators': 300} -> R²: 0.9773 (±0.0173)
2026-08-05 10:36:06 | DEBUG    | train |   Params: {'max_depth': 4, 'min_samples_leaf': 2, 'min_samples_split': 5, 'n_estimators': 200} -> R²: 0.9763 (±0.0155)
2026-08-05 10:36:06 | DEBUG    | train |   Params: {'max_depth': 4, 'min_samples_leaf': 2, 'min_samples_split': 5, 'n_estimators': 300} -> R²: 0.9766 (±0.0153)
2026-08-05 10:36:06 | DEBUG    | train |   Params: {'max_depth': 4, 'min_samples_leaf': 2, 'min_samples_split': 8, 'n_estimators': 200} -> R²: 0.9653 (±0.0223)
2026-08-05 10:36:06 | DEBUG    | train |   Params: {'max_depth': 4, 'min_samples_leaf': 2, 'min_samples_split': 8, 'n_estimators': 300} -> R²: 0.9654 (±0.0220)
2026-08-05 10:36:06 | DEBUG    | train |   Params: {'max_depth': 4, 'min_samples_leaf': 3, 'min_samples_split': 3, 'n_estimators': 200} -> R²: 0.9725 (±0.0182)
2026-08-05 10:36:06 | DEBUG    | train |   Params: {'max_depth': 4, 'min_samples_leaf': 3, 'min_samples_split': 3, 'n_estimators': 300} -> R²: 0.9733 (±0.0175)
2026-08-05 10:36:06 | DEBUG    | train |   Params: {'max_depth': 4, 'min_samples_leaf': 3, 'min_samples_split': 5, 'n_estimators': 200} -> R²: 0.9725 (±0.0182)
2026-08-05 10:36:06 | DEBUG    | train |   Params: {'max_depth': 4, 'min_samples_leaf': 3, 'min_samples_split': 5, 'n_estimators': 300} -> R²: 0.9733 (±0.0175)
2026-08-05 10:36:06 | DEBUG    | train |   Params: {'max_depth': 4, 'min_samples_leaf': 3, 'min_samples_split': 8, 'n_estimators': 200} -> R²: 0.9650 (±0.0231)
2026-08-05 10:36:06 | DEBUG    | train |   Params: {'max_depth': 4, 'min_samples_leaf': 3, 'min_samples_split': 8, 'n_estimators': 300} -> R²: 0.9653 (±0.0227)
2026-08-05 10:36:06 | DEBUG    | train |   Params: {'max_depth': 5, 'min_samples_leaf': 1, 'min_samples_split': 3, 'n_estimators': 200} -> R²: 0.9756 (±0.0204)
2026-08-05 10:36:06 | DEBUG    | train |   Params: {'max_depth': 5, 'min_samples_leaf': 1, 'min_samples_split': 3, 'n_estimators': 300} -> R²: 0.9762 (±0.0187)
2026-08-05 10:36:06 | DEBUG    | train |   Params: {'max_depth': 5, 'min_samples_leaf': 1, 'min_samples_split': 5, 'n_estimators': 200} -> R²: 0.9746 (±0.0181)
2026-08-05 10:36:06 | DEBUG    | train |   Params: {'max_depth': 5, 'min_samples_leaf': 1, 'min_samples_split': 5, 'n_estimators': 300} -> R²: 0.9750 (±0.0176)
2026-08-05 10:36:06 | DEBUG    | train |   Params: {'max_depth': 5, 'min_samples_leaf': 1, 'min_samples_split': 8, 'n_estimators': 200} -> R²: 0.9651 (±0.0226)
2026-08-05 10:36:06 | DEBUG    | train |   Params: {'max_depth': 5, 'min_samples_leaf': 1, 'min_samples_split': 8, 'n_estimators': 300} -> R²: 0.9651 (±0.0223)
2026-08-05 10:36:06 | DEBUG    | train |   Params: {'max_depth': 5, 'min_samples_leaf': 2, 'min_samples_split': 3, 'n_estimators': 200} -> R²: 0.9773 (±0.0171)
2026-08-05 10:36:06 | DEBUG    | train |   Params: {'max_depth': 5, 'min_samples_leaf': 2, 'min_samples_split': 3, 'n_estimators': 300} -> R²: 0.9773 (±0.0173)
2026-08-05 10:36:06 | DEBUG    | train |   Params: {'max_depth': 5, 'min_samples_leaf': 2, 'min_samples_split': 5, 'n_estimators': 200} -> R²: 0.9763 (±0.0155)
2026-08-05 10:36:06 | DEBUG    | train |   Params: {'max_depth': 5, 'min_samples_leaf': 2, 'min_samples_split': 5, 'n_estimators': 300} -> R²: 0.9767 (±0.0153)
2026-08-05 10:36:06 | DEBUG    | train |   Params: {'max_depth': 5, 'min_samples_leaf': 2, 'min_samples_split': 8, 'n_estimators': 200} -> R²: 0.9653 (±0.0223)
2026-08-05 10:36:06 | DEBUG    | train |   Params: {'max_depth': 5, 'min_samples_leaf': 2, 'min_samples_split': 8, 'n_estimators': 300} -> R²: 0.9654 (±0.0220)
2026-08-05 10:36:06 | DEBUG    | train |   Params: {'max_depth': 5, 'min_samples_leaf': 3, 'min_samples_split': 3, 'n_estimators': 200} -> R²: 0.9725 (±0.0182)
2026-08-05 10:36:06 | DEBUG    | train |   Params: {'max_depth': 5, 'min_samples_leaf': 3, 'min_samples_split': 3, 'n_estimators': 300} -> R²: 0.9734 (±0.0175)
2026-08-05 10:36:06 | DEBUG    | train |   Params: {'max_depth': 5, 'min_samples_leaf': 3, 'min_samples_split': 5, 'n_estimators': 200} -> R²: 0.9725 (±0.0182)
2026-08-05 10:36:06 | DEBUG    | train |   Params: {'max_depth': 5, 'min_samples_leaf': 3, 'min_samples_split': 5, 'n_estimators': 300} -> R²: 0.9734 (±0.0175)
2026-08-05 10:36:06 | DEBUG    | train |   Params: {'max_depth': 5, 'min_samples_leaf': 3, 'min_samples_split': 8, 'n_estimators': 200} -> R²: 0.9650 (±0.0231)
2026-08-05 10:36:06 | DEBUG    | train |   Params: {'max_depth': 5, 'min_samples_leaf': 3, 'min_samples_split': 8, 'n_estimators': 300} -> R²: 0.9653 (±0.0227)
2026-08-05 10:36:06 | DEBUG    | train |   Params: {'max_depth': 6, 'min_samples_leaf': 1, 'min_samples_split': 3, 'n_estimators': 200} -> R²: 0.9755 (±0.0205)
2026-08-05 10:36:06 | DEBUG    | train |   Params: {'max_depth': 6, 'min_samples_leaf': 1, 'min_samples_split': 3, 'n_estimators': 300} -> R²: 0.9762 (±0.0188)
2026-08-05 10:36:06 | DEBUG    | train |   Params: {'max_depth': 6, 'min_samples_leaf': 1, 'min_samples_split': 5, 'n_estimators': 200} -> R²: 0.9746 (±0.0181)
2026-08-05 10:36:06 | DEBUG    | train |   Params: {'max_depth': 6, 'min_samples_leaf': 1, 'min_samples_split': 5, 'n_estimators': 300} -> R²: 0.9751 (±0.0176)
2026-08-05 10:36:06 | DEBUG    | train |   Params: {'max_depth': 6, 'min_samples_leaf': 1, 'min_samples_split': 8, 'n_estimators': 200} -> R²: 0.9651 (±0.0226)
2026-08-05 10:36:06 | DEBUG    | train |   Params: {'max_depth': 6, 'min_samples_leaf': 1, 'min_samples_split': 8, 'n_estimators': 300} -> R²: 0.9651 (±0.0223)
2026-08-05 10:36:06 | DEBUG    | train |   Params: {'max_depth': 6, 'min_samples_leaf': 2, 'min_samples_split': 3, 'n_estimators': 200} -> R²: 0.9773 (±0.0171)
2026-08-05 10:36:06 | DEBUG    | train |   Params: {'max_depth': 6, 'min_samples_leaf': 2, 'min_samples_split': 3, 'n_estimators': 300} -> R²: 0.9772 (±0.0173)
2026-08-05 10:36:06 | DEBUG    | train |   Params: {'max_depth': 6, 'min_samples_leaf': 2, 'min_samples_split': 5, 'n_estimators': 200} -> R²: 0.9764 (±0.0155)
2026-08-05 10:36:06 | DEBUG    | train |   Params: {'max_depth': 6, 'min_samples_leaf': 2, 'min_samples_split': 5, 'n_estimators': 300} -> R²: 0.9767 (±0.0153)
2026-08-05 10:36:06 | DEBUG    | train |   Params: {'max_depth': 6, 'min_samples_leaf': 2, 'min_samples_split': 8, 'n_estimators': 200} -> R²: 0.9653 (±0.0223)
2026-08-05 10:36:06 | DEBUG    | train |   Params: {'max_depth': 6, 'min_samples_leaf': 2, 'min_samples_split': 8, 'n_estimators': 300} -> R²: 0.9654 (±0.0220)
2026-08-05 10:36:06 | DEBUG    | train |   Params: {'max_depth': 6, 'min_samples_leaf': 3, 'min_samples_split': 3, 'n_estimators': 200} -> R²: 0.9725 (±0.0182)
2026-08-05 10:36:06 | DEBUG    | train |   Params: {'max_depth': 6, 'min_samples_leaf': 3, 'min_samples_split': 3, 'n_estimators': 300} -> R²: 0.9734 (±0.0175)
2026-08-05 10:36:06 | DEBUG    | train |   Params: {'max_depth': 6, 'min_samples_leaf': 3, 'min_samples_split': 5, 'n_estimators': 200} -> R²: 0.9725 (±0.0182)
2026-08-05 10:36:06 | DEBUG    | train |   Params: {'max_depth': 6, 'min_samples_leaf': 3, 'min_samples_split': 5, 'n_estimators': 300} -> R²: 0.9734 (±0.0175)
2026-08-05 10:36:06 | DEBUG    | train |   Params: {'max_depth': 6, 'min_samples_leaf': 3, 'min_samples_split': 8, 'n_estimators': 200} -> R²: 0.9650 (±0.0231)
2026-08-05 10:36:06 | DEBUG    | train |   Params: {'max_depth': 6, 'min_samples_leaf': 3, 'min_samples_split': 8, 'n_estimators': 300} -> R²: 0.9653 (±0.0227)
2026-08-05 10:36:06 | DEBUG    | train |   Params: {'max_depth': None, 'min_samples_leaf': 1, 'min_samples_split': 3, 'n_estimators': 200} -> R²: 0.9755 (±0.0204)
2026-08-05 10:36:06 | DEBUG    | train |   Params: {'max_depth': None, 'min_samples_leaf': 1, 'min_samples_split': 3, 'n_estimators': 300} -> R²: 0.9762 (±0.0188)
2026-08-05 10:36:06 | DEBUG    | train |   Params: {'max_depth': None, 'min_samples_leaf': 1, 'min_samples_split': 5, 'n_estimators': 200} -> R²: 0.9746 (±0.0181)
2026-08-05 10:36:06 | DEBUG    | train |   Params: {'max_depth': None, 'min_samples_leaf': 1, 'min_samples_split': 5, 'n_estimators': 300} -> R²: 0.9751 (±0.0176)
2026-08-05 10:36:06 | DEBUG    | train |   Params: {'max_depth': None, 'min_samples_leaf': 1, 'min_samples_split': 8, 'n_estimators': 200} -> R²: 0.9651 (±0.0226)
2026-08-05 10:36:06 | DEBUG    | train |   Params: {'max_depth': None, 'min_samples_leaf': 1, 'min_samples_split': 8, 'n_estimators': 300} -> R²: 0.9651 (±0.0223)
2026-08-05 10:36:06 | DEBUG    | train |   Params: {'max_depth': None, 'min_samples_leaf': 2, 'min_samples_split': 3, 'n_estimators': 200} -> R²: 0.9773 (±0.0171)
2026-08-05 10:36:06 | DEBUG    | train |   Params: {'max_depth': None, 'min_samples_leaf': 2, 'min_samples_split': 3, 'n_estimators': 300} -> R²: 0.9772 (±0.0173)
2026-08-05 10:36:06 | DEBUG    | train |   Params: {'max_depth': None, 'min_samples_leaf': 2, 'min_samples_split': 5, 'n_estimators': 200} -> R²: 0.9764 (±0.0155)
2026-08-05 10:36:06 | DEBUG    | train |   Params: {'max_depth': None, 'min_samples_leaf': 2, 'min_samples_split': 5, 'n_estimators': 300} -> R²: 0.9767 (±0.0153)
2026-08-05 10:36:06 | DEBUG    | train |   Params: {'max_depth': None, 'min_samples_leaf': 2, 'min_samples_split': 8, 'n_estimators': 200} -> R²: 0.9653 (±0.0223)
2026-08-05 10:36:06 | DEBUG    | train |   Params: {'max_depth': None, 'min_samples_leaf': 2, 'min_samples_split': 8, 'n_estimators': 300} -> R²: 0.9654 (±0.0220)
2026-08-05 10:36:06 | DEBUG    | train |   Params: {'max_depth': None, 'min_samples_leaf': 3, 'min_samples_split': 3, 'n_estimators': 200} -> R²: 0.9725 (±0.0182)
2026-08-05 10:36:06 | DEBUG    | train |   Params: {'max_depth': None, 'min_samples_leaf': 3, 'min_samples_split': 3, 'n_estimators': 300} -> R²: 0.9734 (±0.0175)
2026-08-05 10:36:06 | DEBUG    | train |   Params: {'max_depth': None, 'min_samples_leaf': 3, 'min_samples_split': 5, 'n_estimators': 200} -> R²: 0.9725 (±0.0182)
2026-08-05 10:36:06 | DEBUG    | train |   Params: {'max_depth': None, 'min_samples_leaf': 3, 'min_samples_split': 5, 'n_estimators': 300} -> R²: 0.9734 (±0.0175)
2026-08-05 10:36:06 | DEBUG    | train |   Params: {'max_depth': None, 'min_samples_leaf': 3, 'min_samples_split': 8, 'n_estimators': 200} -> R²: 0.9650 (±0.0231)
2026-08-05 10:36:06 | DEBUG    | train |   Params: {'max_depth': None, 'min_samples_leaf': 3, 'min_samples_split': 8, 'n_estimators': 300} -> R²: 0.9653 (±0.0227)
2026-08-05 10:36:06 | INFO     | train | Evaluating RandomForest (regression)...
2026-08-05 10:36:06 | INFO     | train |   CV completed in 0.43s
2026-08-05 10:36:06 | INFO     | train |   R²:     0.9774 (±0.0170) [train: 0.9959]
2026-08-05 10:36:06 | INFO     | train |   MAE:    1.8849 (±0.6482)
2026-08-05 10:36:06 | INFO     | train |   RMSE:   2.4274 (±0.8222)
2026-08-05 10:36:06 | INFO     | train |   MSE:    6.5684
2026-08-05 10:36:06 | INFO     | train | 
--- Model: GradientBoosting ---
2026-08-05 10:36:06 | INFO     | train | Tuning hyperparameters (GridSearchCV) for GradientBoosting...
2026-08-05 10:36:17 | INFO     | train |   Tuning completed in 11.04s
2026-08-05 10:36:17 | INFO     | train |   Best params: {'learning_rate': 0.1, 'max_depth': 3, 'min_samples_split': 5, 'n_estimators': 100, 'subsample': 1.0}
2026-08-05 10:36:17 | INFO     | train |   Best CV R²: 0.9799
2026-08-05 10:36:17 | DEBUG    | train |   Params: {'learning_rate': 0.05, 'max_depth': 3, 'min_samples_split': 5, 'n_estimators': 100, 'subsample': 0.8} -> R²: 0.9787 (±0.0185)
2026-08-05 10:36:17 | DEBUG    | train |   Params: {'learning_rate': 0.05, 'max_depth': 3, 'min_samples_split': 5, 'n_estimators': 100, 'subsample': 1.0} -> R²: 0.9771 (±0.0206)
2026-08-05 10:36:17 | DEBUG    | train |   Params: {'learning_rate': 0.05, 'max_depth': 3, 'min_samples_split': 5, 'n_estimators': 150, 'subsample': 0.8} -> R²: 0.9786 (±0.0188)
2026-08-05 10:36:17 | DEBUG    | train |   Params: {'learning_rate': 0.05, 'max_depth': 3, 'min_samples_split': 5, 'n_estimators': 150, 'subsample': 1.0} -> R²: 0.9772 (±0.0209)
2026-08-05 10:36:17 | DEBUG    | train |   Params: {'learning_rate': 0.05, 'max_depth': 3, 'min_samples_split': 5, 'n_estimators': 200, 'subsample': 0.8} -> R²: 0.9785 (±0.0187)
2026-08-05 10:36:17 | DEBUG    | train |   Params: {'learning_rate': 0.05, 'max_depth': 3, 'min_samples_split': 5, 'n_estimators': 200, 'subsample': 1.0} -> R²: 0.9771 (±0.0209)
2026-08-05 10:36:17 | DEBUG    | train |   Params: {'learning_rate': 0.05, 'max_depth': 3, 'min_samples_split': 8, 'n_estimators': 100, 'subsample': 0.8} -> R²: 0.9762 (±0.0201)
2026-08-05 10:36:17 | DEBUG    | train |   Params: {'learning_rate': 0.05, 'max_depth': 3, 'min_samples_split': 8, 'n_estimators': 100, 'subsample': 1.0} -> R²: 0.9774 (±0.0204)
2026-08-05 10:36:17 | DEBUG    | train |   Params: {'learning_rate': 0.05, 'max_depth': 3, 'min_samples_split': 8, 'n_estimators': 150, 'subsample': 0.8} -> R²: 0.9757 (±0.0208)
2026-08-05 10:36:17 | DEBUG    | train |   Params: {'learning_rate': 0.05, 'max_depth': 3, 'min_samples_split': 8, 'n_estimators': 150, 'subsample': 1.0} -> R²: 0.9775 (±0.0205)
2026-08-05 10:36:17 | DEBUG    | train |   Params: {'learning_rate': 0.05, 'max_depth': 3, 'min_samples_split': 8, 'n_estimators': 200, 'subsample': 0.8} -> R²: 0.9755 (±0.0209)
2026-08-05 10:36:17 | DEBUG    | train |   Params: {'learning_rate': 0.05, 'max_depth': 3, 'min_samples_split': 8, 'n_estimators': 200, 'subsample': 1.0} -> R²: 0.9775 (±0.0205)
2026-08-05 10:36:17 | DEBUG    | train |   Params: {'learning_rate': 0.05, 'max_depth': 4, 'min_samples_split': 5, 'n_estimators': 100, 'subsample': 0.8} -> R²: 0.9766 (±0.0209)
2026-08-05 10:36:17 | DEBUG    | train |   Params: {'learning_rate': 0.05, 'max_depth': 4, 'min_samples_split': 5, 'n_estimators': 100, 'subsample': 1.0} -> R²: 0.9747 (±0.0236)
2026-08-05 10:36:17 | DEBUG    | train |   Params: {'learning_rate': 0.05, 'max_depth': 4, 'min_samples_split': 5, 'n_estimators': 150, 'subsample': 0.8} -> R²: 0.9767 (±0.0212)
2026-08-05 10:36:17 | DEBUG    | train |   Params: {'learning_rate': 0.05, 'max_depth': 4, 'min_samples_split': 5, 'n_estimators': 150, 'subsample': 1.0} -> R²: 0.9751 (±0.0234)
2026-08-05 10:36:17 | DEBUG    | train |   Params: {'learning_rate': 0.05, 'max_depth': 4, 'min_samples_split': 5, 'n_estimators': 200, 'subsample': 0.8} -> R²: 0.9766 (±0.0212)
2026-08-05 10:36:17 | DEBUG    | train |   Params: {'learning_rate': 0.05, 'max_depth': 4, 'min_samples_split': 5, 'n_estimators': 200, 'subsample': 1.0} -> R²: 0.9751 (±0.0234)
2026-08-05 10:36:17 | DEBUG    | train |   Params: {'learning_rate': 0.05, 'max_depth': 4, 'min_samples_split': 8, 'n_estimators': 100, 'subsample': 0.8} -> R²: 0.9745 (±0.0238)
2026-08-05 10:36:17 | DEBUG    | train |   Params: {'learning_rate': 0.05, 'max_depth': 4, 'min_samples_split': 8, 'n_estimators': 100, 'subsample': 1.0} -> R²: 0.9769 (±0.0196)
2026-08-05 10:36:17 | DEBUG    | train |   Params: {'learning_rate': 0.05, 'max_depth': 4, 'min_samples_split': 8, 'n_estimators': 150, 'subsample': 0.8} -> R²: 0.9742 (±0.0239)
2026-08-05 10:36:17 | DEBUG    | train |   Params: {'learning_rate': 0.05, 'max_depth': 4, 'min_samples_split': 8, 'n_estimators': 150, 'subsample': 1.0} -> R²: 0.9770 (±0.0199)
2026-08-05 10:36:17 | DEBUG    | train |   Params: {'learning_rate': 0.05, 'max_depth': 4, 'min_samples_split': 8, 'n_estimators': 200, 'subsample': 0.8} -> R²: 0.9741 (±0.0238)
2026-08-05 10:36:17 | DEBUG    | train |   Params: {'learning_rate': 0.05, 'max_depth': 4, 'min_samples_split': 8, 'n_estimators': 200, 'subsample': 1.0} -> R²: 0.9770 (±0.0199)
2026-08-05 10:36:17 | DEBUG    | train |   Params: {'learning_rate': 0.05, 'max_depth': 5, 'min_samples_split': 5, 'n_estimators': 100, 'subsample': 0.8} -> R²: 0.9759 (±0.0226)
2026-08-05 10:36:17 | DEBUG    | train |   Params: {'learning_rate': 0.05, 'max_depth': 5, 'min_samples_split': 5, 'n_estimators': 100, 'subsample': 1.0} -> R²: 0.9726 (±0.0258)
2026-08-05 10:36:17 | DEBUG    | train |   Params: {'learning_rate': 0.05, 'max_depth': 5, 'min_samples_split': 5, 'n_estimators': 150, 'subsample': 0.8} -> R²: 0.9760 (±0.0227)
2026-08-05 10:36:17 | DEBUG    | train |   Params: {'learning_rate': 0.05, 'max_depth': 5, 'min_samples_split': 5, 'n_estimators': 150, 'subsample': 1.0} -> R²: 0.9729 (±0.0258)
2026-08-05 10:36:17 | DEBUG    | train |   Params: {'learning_rate': 0.05, 'max_depth': 5, 'min_samples_split': 5, 'n_estimators': 200, 'subsample': 0.8} -> R²: 0.9760 (±0.0228)
2026-08-05 10:36:17 | DEBUG    | train |   Params: {'learning_rate': 0.05, 'max_depth': 5, 'min_samples_split': 5, 'n_estimators': 200, 'subsample': 1.0} -> R²: 0.9729 (±0.0259)
2026-08-05 10:36:17 | DEBUG    | train |   Params: {'learning_rate': 0.05, 'max_depth': 5, 'min_samples_split': 8, 'n_estimators': 100, 'subsample': 0.8} -> R²: 0.9753 (±0.0218)
2026-08-05 10:36:17 | DEBUG    | train |   Params: {'learning_rate': 0.05, 'max_depth': 5, 'min_samples_split': 8, 'n_estimators': 100, 'subsample': 1.0} -> R²: 0.9775 (±0.0187)
2026-08-05 10:36:17 | DEBUG    | train |   Params: {'learning_rate': 0.05, 'max_depth': 5, 'min_samples_split': 8, 'n_estimators': 150, 'subsample': 0.8} -> R²: 0.9750 (±0.0224)
2026-08-05 10:36:17 | DEBUG    | train |   Params: {'learning_rate': 0.05, 'max_depth': 5, 'min_samples_split': 8, 'n_estimators': 150, 'subsample': 1.0} -> R²: 0.9777 (±0.0188)
2026-08-05 10:36:17 | DEBUG    | train |   Params: {'learning_rate': 0.05, 'max_depth': 5, 'min_samples_split': 8, 'n_estimators': 200, 'subsample': 0.8} -> R²: 0.9748 (±0.0224)
2026-08-05 10:36:17 | DEBUG    | train |   Params: {'learning_rate': 0.05, 'max_depth': 5, 'min_samples_split': 8, 'n_estimators': 200, 'subsample': 1.0} -> R²: 0.9776 (±0.0188)
2026-08-05 10:36:17 | DEBUG    | train |   Params: {'learning_rate': 0.1, 'max_depth': 3, 'min_samples_split': 5, 'n_estimators': 100, 'subsample': 0.8} -> R²: 0.9744 (±0.0239)
2026-08-05 10:36:17 | DEBUG    | train |   Params: {'learning_rate': 0.1, 'max_depth': 3, 'min_samples_split': 5, 'n_estimators': 100, 'subsample': 1.0} -> R²: 0.9799 (±0.0183)
2026-08-05 10:36:17 | DEBUG    | train |   Params: {'learning_rate': 0.1, 'max_depth': 3, 'min_samples_split': 5, 'n_estimators': 150, 'subsample': 0.8} -> R²: 0.9744 (±0.0239)
2026-08-05 10:36:17 | DEBUG    | train |   Params: {'learning_rate': 0.1, 'max_depth': 3, 'min_samples_split': 5, 'n_estimators': 150, 'subsample': 1.0} -> R²: 0.9798 (±0.0183)
2026-08-05 10:36:17 | DEBUG    | train |   Params: {'learning_rate': 0.1, 'max_depth': 3, 'min_samples_split': 5, 'n_estimators': 200, 'subsample': 0.8} -> R²: 0.9744 (±0.0239)
2026-08-05 10:36:17 | DEBUG    | train |   Params: {'learning_rate': 0.1, 'max_depth': 3, 'min_samples_split': 5, 'n_estimators': 200, 'subsample': 1.0} -> R²: 0.9798 (±0.0183)
2026-08-05 10:36:17 | DEBUG    | train |   Params: {'learning_rate': 0.1, 'max_depth': 3, 'min_samples_split': 8, 'n_estimators': 100, 'subsample': 0.8} -> R²: 0.9740 (±0.0213)
2026-08-05 10:36:17 | DEBUG    | train |   Params: {'learning_rate': 0.1, 'max_depth': 3, 'min_samples_split': 8, 'n_estimators': 100, 'subsample': 1.0} -> R²: 0.9787 (±0.0149)
2026-08-05 10:36:17 | DEBUG    | train |   Params: {'learning_rate': 0.1, 'max_depth': 3, 'min_samples_split': 8, 'n_estimators': 150, 'subsample': 0.8} -> R²: 0.9739 (±0.0212)
2026-08-05 10:36:17 | DEBUG    | train |   Params: {'learning_rate': 0.1, 'max_depth': 3, 'min_samples_split': 8, 'n_estimators': 150, 'subsample': 1.0} -> R²: 0.9786 (±0.0148)
2026-08-05 10:36:17 | DEBUG    | train |   Params: {'learning_rate': 0.1, 'max_depth': 3, 'min_samples_split': 8, 'n_estimators': 200, 'subsample': 0.8} -> R²: 0.9738 (±0.0212)
2026-08-05 10:36:17 | DEBUG    | train |   Params: {'learning_rate': 0.1, 'max_depth': 3, 'min_samples_split': 8, 'n_estimators': 200, 'subsample': 1.0} -> R²: 0.9786 (±0.0148)
2026-08-05 10:36:17 | DEBUG    | train |   Params: {'learning_rate': 0.1, 'max_depth': 4, 'min_samples_split': 5, 'n_estimators': 100, 'subsample': 0.8} -> R²: 0.9758 (±0.0201)
2026-08-05 10:36:17 | DEBUG    | train |   Params: {'learning_rate': 0.1, 'max_depth': 4, 'min_samples_split': 5, 'n_estimators': 100, 'subsample': 1.0} -> R²: 0.9762 (±0.0240)
2026-08-05 10:36:17 | DEBUG    | train |   Params: {'learning_rate': 0.1, 'max_depth': 4, 'min_samples_split': 5, 'n_estimators': 150, 'subsample': 0.8} -> R²: 0.9758 (±0.0201)
2026-08-05 10:36:17 | DEBUG    | train |   Params: {'learning_rate': 0.1, 'max_depth': 4, 'min_samples_split': 5, 'n_estimators': 150, 'subsample': 1.0} -> R²: 0.9762 (±0.0240)
2026-08-05 10:36:17 | DEBUG    | train |   Params: {'learning_rate': 0.1, 'max_depth': 4, 'min_samples_split': 5, 'n_estimators': 200, 'subsample': 0.8} -> R²: 0.9758 (±0.0201)
2026-08-05 10:36:17 | DEBUG    | train |   Params: {'learning_rate': 0.1, 'max_depth': 4, 'min_samples_split': 5, 'n_estimators': 200, 'subsample': 1.0} -> R²: 0.9762 (±0.0240)
2026-08-05 10:36:17 | DEBUG    | train |   Params: {'learning_rate': 0.1, 'max_depth': 4, 'min_samples_split': 8, 'n_estimators': 100, 'subsample': 0.8} -> R²: 0.9779 (±0.0146)
2026-08-05 10:36:17 | DEBUG    | train |   Params: {'learning_rate': 0.1, 'max_depth': 4, 'min_samples_split': 8, 'n_estimators': 100, 'subsample': 1.0} -> R²: 0.9772 (±0.0179)
2026-08-05 10:36:17 | DEBUG    | train |   Params: {'learning_rate': 0.1, 'max_depth': 4, 'min_samples_split': 8, 'n_estimators': 150, 'subsample': 0.8} -> R²: 0.9777 (±0.0146)
2026-08-05 10:36:17 | DEBUG    | train |   Params: {'learning_rate': 0.1, 'max_depth': 4, 'min_samples_split': 8, 'n_estimators': 150, 'subsample': 1.0} -> R²: 0.9772 (±0.0179)
2026-08-05 10:36:17 | DEBUG    | train |   Params: {'learning_rate': 0.1, 'max_depth': 4, 'min_samples_split': 8, 'n_estimators': 200, 'subsample': 0.8} -> R²: 0.9777 (±0.0146)
2026-08-05 10:36:17 | DEBUG    | train |   Params: {'learning_rate': 0.1, 'max_depth': 4, 'min_samples_split': 8, 'n_estimators': 200, 'subsample': 1.0} -> R²: 0.9772 (±0.0179)
2026-08-05 10:36:17 | DEBUG    | train |   Params: {'learning_rate': 0.1, 'max_depth': 5, 'min_samples_split': 5, 'n_estimators': 100, 'subsample': 0.8} -> R²: 0.9758 (±0.0203)
2026-08-05 10:36:17 | DEBUG    | train |   Params: {'learning_rate': 0.1, 'max_depth': 5, 'min_samples_split': 5, 'n_estimators': 100, 'subsample': 1.0} -> R²: 0.9779 (±0.0167)
2026-08-05 10:36:17 | DEBUG    | train |   Params: {'learning_rate': 0.1, 'max_depth': 5, 'min_samples_split': 5, 'n_estimators': 150, 'subsample': 0.8} -> R²: 0.9758 (±0.0203)
2026-08-05 10:36:17 | DEBUG    | train |   Params: {'learning_rate': 0.1, 'max_depth': 5, 'min_samples_split': 5, 'n_estimators': 150, 'subsample': 1.0} -> R²: 0.9779 (±0.0167)
2026-08-05 10:36:17 | DEBUG    | train |   Params: {'learning_rate': 0.1, 'max_depth': 5, 'min_samples_split': 5, 'n_estimators': 200, 'subsample': 0.8} -> R²: 0.9758 (±0.0203)
2026-08-05 10:36:17 | DEBUG    | train |   Params: {'learning_rate': 0.1, 'max_depth': 5, 'min_samples_split': 5, 'n_estimators': 200, 'subsample': 1.0} -> R²: 0.9779 (±0.0167)
2026-08-05 10:36:17 | DEBUG    | train |   Params: {'learning_rate': 0.1, 'max_depth': 5, 'min_samples_split': 8, 'n_estimators': 100, 'subsample': 0.8} -> R²: 0.9772 (±0.0160)
2026-08-05 10:36:17 | DEBUG    | train |   Params: {'learning_rate': 0.1, 'max_depth': 5, 'min_samples_split': 8, 'n_estimators': 100, 'subsample': 1.0} -> R²: 0.9766 (±0.0193)
2026-08-05 10:36:17 | DEBUG    | train |   Params: {'learning_rate': 0.1, 'max_depth': 5, 'min_samples_split': 8, 'n_estimators': 150, 'subsample': 0.8} -> R²: 0.9771 (±0.0160)
2026-08-05 10:36:17 | DEBUG    | train |   Params: {'learning_rate': 0.1, 'max_depth': 5, 'min_samples_split': 8, 'n_estimators': 150, 'subsample': 1.0} -> R²: 0.9766 (±0.0193)
2026-08-05 10:36:17 | DEBUG    | train |   Params: {'learning_rate': 0.1, 'max_depth': 5, 'min_samples_split': 8, 'n_estimators': 200, 'subsample': 0.8} -> R²: 0.9771 (±0.0161)
2026-08-05 10:36:17 | DEBUG    | train |   Params: {'learning_rate': 0.1, 'max_depth': 5, 'min_samples_split': 8, 'n_estimators': 200, 'subsample': 1.0} -> R²: 0.9766 (±0.0193)
2026-08-05 10:36:17 | INFO     | train | Evaluating GradientBoosting (regression)...
2026-08-05 10:36:17 | INFO     | train |   CV completed in 0.10s
2026-08-05 10:36:17 | INFO     | train |   R²:     0.9799 (±0.0183) [train: 1.0000]
2026-08-05 10:36:17 | INFO     | train |   MAE:    1.7488 (±0.5960)
2026-08-05 10:36:17 | INFO     | train |   RMSE:   2.2104 (±0.7601)
2026-08-05 10:36:17 | INFO     | train |   MSE:    5.4637
2026-08-05 10:36:17 | INFO     | train | 
--- Model: XGBoost ---
2026-08-05 10:36:17 | INFO     | train | Optuna Bayesian tuning for xgboost (regression) — 75 trials...
2026-08-05 10:36:29 | INFO     | train |   Optuna tuning completed in 11.67s
2026-08-05 10:36:29 | INFO     | train |   Best params: {'n_estimators': 300, 'max_depth': 3, 'learning_rate': 0.03503228181368349, 'subsample': 0.7629881362167354, 'colsample_bytree': 0.6147705330378761, 'min_child_weight': 3, 'reg_alpha': 0.07201792109210693, 'reg_lambda': 8.264191857588657e-08}
2026-08-05 10:36:29 | INFO     | train |   Best CV score: 0.9772
2026-08-05 10:36:29 | INFO     | train |   Trials: 75 completed, 0 pruned
2026-08-05 10:36:29 | INFO     | train | Evaluating XGBoost (regression)...
2026-08-05 10:36:29 | INFO     | train |   CV completed in 0.18s
2026-08-05 10:36:29 | INFO     | train |   R²:     0.9772 (±0.0135) [train: 0.9998]
2026-08-05 10:36:29 | INFO     | train |   MAE:    1.9807 (±0.6559)
2026-08-05 10:36:29 | INFO     | train |   RMSE:   2.5000 (±0.7528)
2026-08-05 10:36:29 | INFO     | train |   MSE:    6.8165
2026-08-05 10:36:29 | INFO     | train | 
--- Model: CatBoost ---
2026-08-05 10:36:29 | INFO     | train | Optuna Bayesian tuning for catboost (regression) — 75 trials...
2026-08-05 10:39:38 | INFO     | train |   Optuna tuning completed in 188.98s
2026-08-05 10:39:38 | INFO     | train |   Best params: {'iterations': 300, 'depth': 4, 'learning_rate': 0.04324537445942841, 'l2_leaf_reg': 0.033491140669628224, 'random_strength': 0.26232484400622247, 'bagging_temperature': 0.7370002444487411}
2026-08-05 10:39:38 | INFO     | train |   Best CV score: 0.9830
2026-08-05 10:39:38 | INFO     | train |   Trials: 75 completed, 0 pruned
2026-08-05 10:39:39 | INFO     | train | Evaluating CatBoost (regression)...
2026-08-05 10:39:40 | INFO     | train |   CV completed in 1.45s
2026-08-05 10:39:40 | INFO     | train |   R²:     0.9830 (±0.0082) [train: 1.0000]
2026-08-05 10:39:40 | INFO     | train |   MAE:    1.6841 (±0.4897)
2026-08-05 10:39:40 | INFO     | train |   RMSE:   2.1918 (±0.4882)
2026-08-05 10:39:40 | INFO     | train |   MSE:    5.0425
2026-08-05 10:39:40 | INFO     | train | 
Building ensembles from top 3: ['RidgeCV', 'CatBoost', 'GradientBoosting']
2026-08-05 10:39:40 | INFO     | train | Evaluating Ensemble_Voting (regression)...
2026-08-05 10:39:42 | INFO     | train |   CV completed in 1.58s
2026-08-05 10:39:42 | INFO     | train |   R²:     0.9867 (±0.0093) [train: 0.9996]
2026-08-05 10:39:42 | INFO     | train |   MAE:    1.4578 (±0.4270)
2026-08-05 10:39:42 | INFO     | train |   RMSE:   1.8594 (±0.5140)
2026-08-05 10:39:42 | INFO     | train |   MSE:    3.7216
2026-08-05 10:39:42 | INFO     | train | Evaluating Ensemble_Stacking (regression)...
2026-08-05 10:39:47 | INFO     | train |   CV completed in 5.22s
2026-08-05 10:39:47 | INFO     | train |   R²:     0.9862 (±0.0102) [train: 0.9986]
2026-08-05 10:39:47 | INFO     | train |   MAE:    1.4425 (±0.4262)
2026-08-05 10:39:47 | INFO     | train |   RMSE:   1.8702 (±0.5234)
2026-08-05 10:39:47 | INFO     | train |   MSE:    3.7716
2026-08-05 10:39:47 | INFO     | train | 
--- Regression Summary ---
2026-08-05 10:39:47 | INFO     | train |   RidgeCV                 R²=0.9886 (±0.0066)  MAE=1.3753  RMSE=1.7509
2026-08-05 10:39:47 | INFO     | train |   Ensemble_Voting         R²=0.9867 (±0.0093)  MAE=1.4578  RMSE=1.8594
2026-08-05 10:39:47 | INFO     | train |   Ensemble_Stacking       R²=0.9862 (±0.0102)  MAE=1.4425  RMSE=1.8702
2026-08-05 10:39:47 | INFO     | train |   CatBoost                R²=0.9830 (±0.0082)  MAE=1.6841  RMSE=2.1918
2026-08-05 10:39:47 | INFO     | train |   GradientBoosting        R²=0.9799 (±0.0183)  MAE=1.7488  RMSE=2.2104
2026-08-05 10:39:47 | INFO     | train |   RandomForest            R²=0.9774 (±0.0170)  MAE=1.8849  RMSE=2.4274
2026-08-05 10:39:47 | INFO     | train |   XGBoost                 R²=0.9772 (±0.0135)  MAE=1.9807  RMSE=2.5000
2026-08-05 10:39:47 | INFO     | train | 
> Best regression: RidgeCV (R² = 0.9886)
2026-08-05 10:39:47 | INFO     | train | Regression training took 260.05s
2026-08-05 10:39:47 | INFO     | train | 
============================================================
2026-08-05 10:39:47 | INFO     | train | CLASSIFICATION: Predicting Grade
2026-08-05 10:39:47 | INFO     | train | ============================================================
2026-08-05 10:39:47 | INFO     | train | 
--- Model: LogisticRegressionCV ---
2026-08-05 10:39:47 | INFO     | train | Evaluating LogisticRegressionCV (classification)...
2026-08-05 10:39:47 | INFO     | train |   CV completed in 0.36s
2026-08-05 10:39:47 | INFO     | train |   Accuracy: 0.7400 (±0.1451) [train: 0.9717]
2026-08-05 10:39:47 | INFO     | train |   F1 (w):   0.7374 (±0.1534)
2026-08-05 10:39:47 | INFO     | train |   F1 (macro): 0.6083 (±0.2017)
2026-08-05 10:39:47 | INFO     | train |   Precision: 0.7739
2026-08-05 10:39:47 | INFO     | train |   Recall:    0.7400
2026-08-05 10:39:47 | WARNING  | train |   [WARN] Possible overfitting: train Acc - test Acc = 0.2317
2026-08-05 10:39:47 | INFO     | train | 
--- Model: RandomForest ---
2026-08-05 10:39:47 | INFO     | train | Tuning hyperparameters (GridSearchCV) for RandomForest...
2026-08-05 10:41:23 | INFO     | train |   Tuning completed in 95.91s
2026-08-05 10:41:23 | INFO     | train |   Best params: {'class_weight': 'balanced', 'max_depth': 6, 'min_samples_leaf': 1, 'min_samples_split': 5, 'n_estimators': 200}
2026-08-05 10:41:23 | INFO     | train |   Best CV F1: 0.8252
2026-08-05 10:41:23 | DEBUG    | train |   Params: {'class_weight': 'balanced', 'max_depth': 4, 'min_samples_leaf': 1, 'min_samples_split': 3, 'n_estimators': 200} -> F1: 0.7962 (±0.1105)
2026-08-05 10:41:23 | DEBUG    | train |   Params: {'class_weight': 'balanced', 'max_depth': 4, 'min_samples_leaf': 1, 'min_samples_split': 3, 'n_estimators': 300} -> F1: 0.8029 (±0.1193)
2026-08-05 10:41:23 | DEBUG    | train |   Params: {'class_weight': 'balanced', 'max_depth': 4, 'min_samples_leaf': 1, 'min_samples_split': 5, 'n_estimators': 200} -> F1: 0.8189 (±0.1205)
2026-08-05 10:41:23 | DEBUG    | train |   Params: {'class_weight': 'balanced', 'max_depth': 4, 'min_samples_leaf': 1, 'min_samples_split': 5, 'n_estimators': 300} -> F1: 0.8189 (±0.1205)
2026-08-05 10:41:23 | DEBUG    | train |   Params: {'class_weight': 'balanced', 'max_depth': 4, 'min_samples_leaf': 1, 'min_samples_split': 8, 'n_estimators': 200} -> F1: 0.8122 (±0.1285)
2026-08-05 10:41:23 | DEBUG    | train |   Params: {'class_weight': 'balanced', 'max_depth': 4, 'min_samples_leaf': 1, 'min_samples_split': 8, 'n_estimators': 300} -> F1: 0.8122 (±0.1285)
2026-08-05 10:41:23 | DEBUG    | train |   Params: {'class_weight': 'balanced', 'max_depth': 4, 'min_samples_leaf': 2, 'min_samples_split': 3, 'n_estimators': 200} -> F1: 0.8022 (±0.1189)
2026-08-05 10:41:23 | DEBUG    | train |   Params: {'class_weight': 'balanced', 'max_depth': 4, 'min_samples_leaf': 2, 'min_samples_split': 3, 'n_estimators': 300} -> F1: 0.8022 (±0.1189)
2026-08-05 10:41:23 | DEBUG    | train |   Params: {'class_weight': 'balanced', 'max_depth': 4, 'min_samples_leaf': 2, 'min_samples_split': 5, 'n_estimators': 200} -> F1: 0.8049 (±0.1204)
2026-08-05 10:41:23 | DEBUG    | train |   Params: {'class_weight': 'balanced', 'max_depth': 4, 'min_samples_leaf': 2, 'min_samples_split': 5, 'n_estimators': 300} -> F1: 0.8082 (±0.1234)
2026-08-05 10:41:23 | DEBUG    | train |   Params: {'class_weight': 'balanced', 'max_depth': 4, 'min_samples_leaf': 2, 'min_samples_split': 8, 'n_estimators': 200} -> F1: 0.8122 (±0.1285)
2026-08-05 10:41:23 | DEBUG    | train |   Params: {'class_weight': 'balanced', 'max_depth': 4, 'min_samples_leaf': 2, 'min_samples_split': 8, 'n_estimators': 300} -> F1: 0.8122 (±0.1285)
2026-08-05 10:41:23 | DEBUG    | train |   Params: {'class_weight': 'balanced', 'max_depth': 4, 'min_samples_leaf': 3, 'min_samples_split': 3, 'n_estimators': 200} -> F1: 0.8049 (±0.1204)
2026-08-05 10:41:23 | DEBUG    | train |   Params: {'class_weight': 'balanced', 'max_depth': 4, 'min_samples_leaf': 3, 'min_samples_split': 3, 'n_estimators': 300} -> F1: 0.8162 (±0.1332)
2026-08-05 10:41:23 | DEBUG    | train |   Params: {'class_weight': 'balanced', 'max_depth': 4, 'min_samples_leaf': 3, 'min_samples_split': 5, 'n_estimators': 200} -> F1: 0.8049 (±0.1204)
2026-08-05 10:41:23 | DEBUG    | train |   Params: {'class_weight': 'balanced', 'max_depth': 4, 'min_samples_leaf': 3, 'min_samples_split': 5, 'n_estimators': 300} -> F1: 0.8162 (±0.1332)
2026-08-05 10:41:23 | DEBUG    | train |   Params: {'class_weight': 'balanced', 'max_depth': 4, 'min_samples_leaf': 3, 'min_samples_split': 8, 'n_estimators': 200} -> F1: 0.8162 (±0.1332)
2026-08-05 10:41:23 | DEBUG    | train |   Params: {'class_weight': 'balanced', 'max_depth': 4, 'min_samples_leaf': 3, 'min_samples_split': 8, 'n_estimators': 300} -> F1: 0.8162 (±0.1332)
2026-08-05 10:41:23 | DEBUG    | train |   Params: {'class_weight': 'balanced', 'max_depth': 5, 'min_samples_leaf': 1, 'min_samples_split': 3, 'n_estimators': 200} -> F1: 0.7772 (±0.1199)
2026-08-05 10:41:23 | DEBUG    | train |   Params: {'class_weight': 'balanced', 'max_depth': 5, 'min_samples_leaf': 1, 'min_samples_split': 3, 'n_estimators': 300} -> F1: 0.7822 (±0.1171)
2026-08-05 10:41:23 | DEBUG    | train |   Params: {'class_weight': 'balanced', 'max_depth': 5, 'min_samples_leaf': 1, 'min_samples_split': 5, 'n_estimators': 200} -> F1: 0.8152 (±0.1219)
2026-08-05 10:41:23 | DEBUG    | train |   Params: {'class_weight': 'balanced', 'max_depth': 5, 'min_samples_leaf': 1, 'min_samples_split': 5, 'n_estimators': 300} -> F1: 0.8149 (±0.1153)
2026-08-05 10:41:23 | DEBUG    | train |   Params: {'class_weight': 'balanced', 'max_depth': 5, 'min_samples_leaf': 1, 'min_samples_split': 8, 'n_estimators': 200} -> F1: 0.8122 (±0.1285)
2026-08-05 10:41:23 | DEBUG    | train |   Params: {'class_weight': 'balanced', 'max_depth': 5, 'min_samples_leaf': 1, 'min_samples_split': 8, 'n_estimators': 300} -> F1: 0.8122 (±0.1285)
2026-08-05 10:41:23 | DEBUG    | train |   Params: {'class_weight': 'balanced', 'max_depth': 5, 'min_samples_leaf': 2, 'min_samples_split': 3, 'n_estimators': 200} -> F1: 0.7897 (±0.1135)
2026-08-05 10:41:23 | DEBUG    | train |   Params: {'class_weight': 'balanced', 'max_depth': 5, 'min_samples_leaf': 2, 'min_samples_split': 3, 'n_estimators': 300} -> F1: 0.7962 (±0.1140)
2026-08-05 10:41:23 | DEBUG    | train |   Params: {'class_weight': 'balanced', 'max_depth': 5, 'min_samples_leaf': 2, 'min_samples_split': 5, 'n_estimators': 200} -> F1: 0.8011 (±0.1186)
2026-08-05 10:41:23 | DEBUG    | train |   Params: {'class_weight': 'balanced', 'max_depth': 5, 'min_samples_leaf': 2, 'min_samples_split': 5, 'n_estimators': 300} -> F1: 0.8082 (±0.1234)
2026-08-05 10:41:23 | DEBUG    | train |   Params: {'class_weight': 'balanced', 'max_depth': 5, 'min_samples_leaf': 2, 'min_samples_split': 8, 'n_estimators': 200} -> F1: 0.8122 (±0.1285)
2026-08-05 10:41:23 | DEBUG    | train |   Params: {'class_weight': 'balanced', 'max_depth': 5, 'min_samples_leaf': 2, 'min_samples_split': 8, 'n_estimators': 300} -> F1: 0.8122 (±0.1285)
2026-08-05 10:41:23 | DEBUG    | train |   Params: {'class_weight': 'balanced', 'max_depth': 5, 'min_samples_leaf': 3, 'min_samples_split': 3, 'n_estimators': 200} -> F1: 0.8049 (±0.1204)
2026-08-05 10:41:23 | DEBUG    | train |   Params: {'class_weight': 'balanced', 'max_depth': 5, 'min_samples_leaf': 3, 'min_samples_split': 3, 'n_estimators': 300} -> F1: 0.8162 (±0.1332)
2026-08-05 10:41:23 | DEBUG    | train |   Params: {'class_weight': 'balanced', 'max_depth': 5, 'min_samples_leaf': 3, 'min_samples_split': 5, 'n_estimators': 200} -> F1: 0.8049 (±0.1204)
2026-08-05 10:41:23 | DEBUG    | train |   Params: {'class_weight': 'balanced', 'max_depth': 5, 'min_samples_leaf': 3, 'min_samples_split': 5, 'n_estimators': 300} -> F1: 0.8162 (±0.1332)
2026-08-05 10:41:23 | DEBUG    | train |   Params: {'class_weight': 'balanced', 'max_depth': 5, 'min_samples_leaf': 3, 'min_samples_split': 8, 'n_estimators': 200} -> F1: 0.8162 (±0.1332)
2026-08-05 10:41:23 | DEBUG    | train |   Params: {'class_weight': 'balanced', 'max_depth': 5, 'min_samples_leaf': 3, 'min_samples_split': 8, 'n_estimators': 300} -> F1: 0.8162 (±0.1332)
2026-08-05 10:41:23 | DEBUG    | train |   Params: {'class_weight': 'balanced', 'max_depth': 6, 'min_samples_leaf': 1, 'min_samples_split': 3, 'n_estimators': 200} -> F1: 0.7772 (±0.1199)
2026-08-05 10:41:23 | DEBUG    | train |   Params: {'class_weight': 'balanced', 'max_depth': 6, 'min_samples_leaf': 1, 'min_samples_split': 3, 'n_estimators': 300} -> F1: 0.7822 (±0.1171)
2026-08-05 10:41:23 | DEBUG    | train |   Params: {'class_weight': 'balanced', 'max_depth': 6, 'min_samples_leaf': 1, 'min_samples_split': 5, 'n_estimators': 200} -> F1: 0.8252 (±0.1223)
2026-08-05 10:41:23 | DEBUG    | train |   Params: {'class_weight': 'balanced', 'max_depth': 6, 'min_samples_leaf': 1, 'min_samples_split': 5, 'n_estimators': 300} -> F1: 0.8149 (±0.1153)
2026-08-05 10:41:23 | DEBUG    | train |   Params: {'class_weight': 'balanced', 'max_depth': 6, 'min_samples_leaf': 1, 'min_samples_split': 8, 'n_estimators': 200} -> F1: 0.8122 (±0.1285)
2026-08-05 10:41:23 | DEBUG    | train |   Params: {'class_weight': 'balanced', 'max_depth': 6, 'min_samples_leaf': 1, 'min_samples_split': 8, 'n_estimators': 300} -> F1: 0.8122 (±0.1285)
2026-08-05 10:41:23 | DEBUG    | train |   Params: {'class_weight': 'balanced', 'max_depth': 6, 'min_samples_leaf': 2, 'min_samples_split': 3, 'n_estimators': 200} -> F1: 0.7897 (±0.1135)
2026-08-05 10:41:23 | DEBUG    | train |   Params: {'class_weight': 'balanced', 'max_depth': 6, 'min_samples_leaf': 2, 'min_samples_split': 3, 'n_estimators': 300} -> F1: 0.7962 (±0.1140)
2026-08-05 10:41:23 | DEBUG    | train |   Params: {'class_weight': 'balanced', 'max_depth': 6, 'min_samples_leaf': 2, 'min_samples_split': 5, 'n_estimators': 200} -> F1: 0.8011 (±0.1186)
2026-08-05 10:41:23 | DEBUG    | train |   Params: {'class_weight': 'balanced', 'max_depth': 6, 'min_samples_leaf': 2, 'min_samples_split': 5, 'n_estimators': 300} -> F1: 0.8082 (±0.1234)
2026-08-05 10:41:23 | DEBUG    | train |   Params: {'class_weight': 'balanced', 'max_depth': 6, 'min_samples_leaf': 2, 'min_samples_split': 8, 'n_estimators': 200} -> F1: 0.8122 (±0.1285)
2026-08-05 10:41:23 | DEBUG    | train |   Params: {'class_weight': 'balanced', 'max_depth': 6, 'min_samples_leaf': 2, 'min_samples_split': 8, 'n_estimators': 300} -> F1: 0.8122 (±0.1285)
2026-08-05 10:41:23 | DEBUG    | train |   Params: {'class_weight': 'balanced', 'max_depth': 6, 'min_samples_leaf': 3, 'min_samples_split': 3, 'n_estimators': 200} -> F1: 0.8049 (±0.1204)
2026-08-05 10:41:23 | DEBUG    | train |   Params: {'class_weight': 'balanced', 'max_depth': 6, 'min_samples_leaf': 3, 'min_samples_split': 3, 'n_estimators': 300} -> F1: 0.8162 (±0.1332)
2026-08-05 10:41:23 | DEBUG    | train |   Params: {'class_weight': 'balanced', 'max_depth': 6, 'min_samples_leaf': 3, 'min_samples_split': 5, 'n_estimators': 200} -> F1: 0.8049 (±0.1204)
2026-08-05 10:41:23 | DEBUG    | train |   Params: {'class_weight': 'balanced', 'max_depth': 6, 'min_samples_leaf': 3, 'min_samples_split': 5, 'n_estimators': 300} -> F1: 0.8162 (±0.1332)
2026-08-05 10:41:23 | DEBUG    | train |   Params: {'class_weight': 'balanced', 'max_depth': 6, 'min_samples_leaf': 3, 'min_samples_split': 8, 'n_estimators': 200} -> F1: 0.8162 (±0.1332)
2026-08-05 10:41:23 | DEBUG    | train |   Params: {'class_weight': 'balanced', 'max_depth': 6, 'min_samples_leaf': 3, 'min_samples_split': 8, 'n_estimators': 300} -> F1: 0.8162 (±0.1332)
2026-08-05 10:41:23 | DEBUG    | train |   Params: {'class_weight': 'balanced', 'max_depth': None, 'min_samples_leaf': 1, 'min_samples_split': 3, 'n_estimators': 200} -> F1: 0.7772 (±0.1199)
2026-08-05 10:41:23 | DEBUG    | train |   Params: {'class_weight': 'balanced', 'max_depth': None, 'min_samples_leaf': 1, 'min_samples_split': 3, 'n_estimators': 300} -> F1: 0.7822 (±0.1171)
2026-08-05 10:41:23 | DEBUG    | train |   Params: {'class_weight': 'balanced', 'max_depth': None, 'min_samples_leaf': 1, 'min_samples_split': 5, 'n_estimators': 200} -> F1: 0.8252 (±0.1223)
2026-08-05 10:41:23 | DEBUG    | train |   Params: {'class_weight': 'balanced', 'max_depth': None, 'min_samples_leaf': 1, 'min_samples_split': 5, 'n_estimators': 300} -> F1: 0.8149 (±0.1153)
2026-08-05 10:41:23 | DEBUG    | train |   Params: {'class_weight': 'balanced', 'max_depth': None, 'min_samples_leaf': 1, 'min_samples_split': 8, 'n_estimators': 200} -> F1: 0.8122 (±0.1285)
2026-08-05 10:41:23 | DEBUG    | train |   Params: {'class_weight': 'balanced', 'max_depth': None, 'min_samples_leaf': 1, 'min_samples_split': 8, 'n_estimators': 300} -> F1: 0.8122 (±0.1285)
2026-08-05 10:41:23 | DEBUG    | train |   Params: {'class_weight': 'balanced', 'max_depth': None, 'min_samples_leaf': 2, 'min_samples_split': 3, 'n_estimators': 200} -> F1: 0.7897 (±0.1135)
2026-08-05 10:41:23 | DEBUG    | train |   Params: {'class_weight': 'balanced', 'max_depth': None, 'min_samples_leaf': 2, 'min_samples_split': 3, 'n_estimators': 300} -> F1: 0.7962 (±0.1140)
2026-08-05 10:41:23 | DEBUG    | train |   Params: {'class_weight': 'balanced', 'max_depth': None, 'min_samples_leaf': 2, 'min_samples_split': 5, 'n_estimators': 200} -> F1: 0.8011 (±0.1186)
2026-08-05 10:41:23 | DEBUG    | train |   Params: {'class_weight': 'balanced', 'max_depth': None, 'min_samples_leaf': 2, 'min_samples_split': 5, 'n_estimators': 300} -> F1: 0.8082 (±0.1234)
2026-08-05 10:41:23 | DEBUG    | train |   Params: {'class_weight': 'balanced', 'max_depth': None, 'min_samples_leaf': 2, 'min_samples_split': 8, 'n_estimators': 200} -> F1: 0.8122 (±0.1285)
2026-08-05 10:41:23 | DEBUG    | train |   Params: {'class_weight': 'balanced', 'max_depth': None, 'min_samples_leaf': 2, 'min_samples_split': 8, 'n_estimators': 300} -> F1: 0.8122 (±0.1285)
2026-08-05 10:41:23 | DEBUG    | train |   Params: {'class_weight': 'balanced', 'max_depth': None, 'min_samples_leaf': 3, 'min_samples_split': 3, 'n_estimators': 200} -> F1: 0.8049 (±0.1204)
2026-08-05 10:41:23 | DEBUG    | train |   Params: {'class_weight': 'balanced', 'max_depth': None, 'min_samples_leaf': 3, 'min_samples_split': 3, 'n_estimators': 300} -> F1: 0.8162 (±0.1332)
2026-08-05 10:41:23 | DEBUG    | train |   Params: {'class_weight': 'balanced', 'max_depth': None, 'min_samples_leaf': 3, 'min_samples_split': 5, 'n_estimators': 200} -> F1: 0.8049 (±0.1204)
2026-08-05 10:41:23 | DEBUG    | train |   Params: {'class_weight': 'balanced', 'max_depth': None, 'min_samples_leaf': 3, 'min_samples_split': 5, 'n_estimators': 300} -> F1: 0.8162 (±0.1332)
2026-08-05 10:41:23 | DEBUG    | train |   Params: {'class_weight': 'balanced', 'max_depth': None, 'min_samples_leaf': 3, 'min_samples_split': 8, 'n_estimators': 200} -> F1: 0.8162 (±0.1332)
2026-08-05 10:41:23 | DEBUG    | train |   Params: {'class_weight': 'balanced', 'max_depth': None, 'min_samples_leaf': 3, 'min_samples_split': 8, 'n_estimators': 300} -> F1: 0.8162 (±0.1332)
2026-08-05 10:41:23 | DEBUG    | train |   Params: {'class_weight': None, 'max_depth': 4, 'min_samples_leaf': 1, 'min_samples_split': 3, 'n_estimators': 200} -> F1: 0.7762 (±0.1101)
2026-08-05 10:41:23 | DEBUG    | train |   Params: {'class_weight': None, 'max_depth': 4, 'min_samples_leaf': 1, 'min_samples_split': 3, 'n_estimators': 300} -> F1: 0.7711 (±0.1129)
2026-08-05 10:41:23 | DEBUG    | train |   Params: {'class_weight': None, 'max_depth': 4, 'min_samples_leaf': 1, 'min_samples_split': 5, 'n_estimators': 200} -> F1: 0.7711 (±0.1129)
2026-08-05 10:41:23 | DEBUG    | train |   Params: {'class_weight': None, 'max_depth': 4, 'min_samples_leaf': 1, 'min_samples_split': 5, 'n_estimators': 300} -> F1: 0.7711 (±0.1129)
2026-08-05 10:41:23 | DEBUG    | train |   Params: {'class_weight': None, 'max_depth': 4, 'min_samples_leaf': 1, 'min_samples_split': 8, 'n_estimators': 200} -> F1: 0.7504 (±0.1110)
2026-08-05 10:41:23 | DEBUG    | train |   Params: {'class_weight': None, 'max_depth': 4, 'min_samples_leaf': 1, 'min_samples_split': 8, 'n_estimators': 300} -> F1: 0.7404 (±0.1281)
2026-08-05 10:41:23 | DEBUG    | train |   Params: {'class_weight': None, 'max_depth': 4, 'min_samples_leaf': 2, 'min_samples_split': 3, 'n_estimators': 200} -> F1: 0.7762 (±0.1101)
2026-08-05 10:41:23 | DEBUG    | train |   Params: {'class_weight': None, 'max_depth': 4, 'min_samples_leaf': 2, 'min_samples_split': 3, 'n_estimators': 300} -> F1: 0.7711 (±0.1129)
2026-08-05 10:41:23 | DEBUG    | train |   Params: {'class_weight': None, 'max_depth': 4, 'min_samples_leaf': 2, 'min_samples_split': 5, 'n_estimators': 200} -> F1: 0.7762 (±0.1101)
2026-08-05 10:41:23 | DEBUG    | train |   Params: {'class_weight': None, 'max_depth': 4, 'min_samples_leaf': 2, 'min_samples_split': 5, 'n_estimators': 300} -> F1: 0.7711 (±0.1129)
2026-08-05 10:41:23 | DEBUG    | train |   Params: {'class_weight': None, 'max_depth': 4, 'min_samples_leaf': 2, 'min_samples_split': 8, 'n_estimators': 200} -> F1: 0.7404 (±0.1281)
2026-08-05 10:41:23 | DEBUG    | train |   Params: {'class_weight': None, 'max_depth': 4, 'min_samples_leaf': 2, 'min_samples_split': 8, 'n_estimators': 300} -> F1: 0.7404 (±0.1281)
2026-08-05 10:41:23 | DEBUG    | train |   Params: {'class_weight': None, 'max_depth': 4, 'min_samples_leaf': 3, 'min_samples_split': 3, 'n_estimators': 200} -> F1: 0.7662 (±0.1050)
2026-08-05 10:41:23 | DEBUG    | train |   Params: {'class_weight': None, 'max_depth': 4, 'min_samples_leaf': 3, 'min_samples_split': 3, 'n_estimators': 300} -> F1: 0.7544 (±0.1017)
2026-08-05 10:41:23 | DEBUG    | train |   Params: {'class_weight': None, 'max_depth': 4, 'min_samples_leaf': 3, 'min_samples_split': 5, 'n_estimators': 200} -> F1: 0.7662 (±0.1050)
2026-08-05 10:41:23 | DEBUG    | train |   Params: {'class_weight': None, 'max_depth': 4, 'min_samples_leaf': 3, 'min_samples_split': 5, 'n_estimators': 300} -> F1: 0.7544 (±0.1017)
2026-08-05 10:41:23 | DEBUG    | train |   Params: {'class_weight': None, 'max_depth': 4, 'min_samples_leaf': 3, 'min_samples_split': 8, 'n_estimators': 200} -> F1: 0.7337 (±0.1221)
2026-08-05 10:41:23 | DEBUG    | train |   Params: {'class_weight': None, 'max_depth': 4, 'min_samples_leaf': 3, 'min_samples_split': 8, 'n_estimators': 300} -> F1: 0.7337 (±0.1221)
2026-08-05 10:41:23 | DEBUG    | train |   Params: {'class_weight': None, 'max_depth': 5, 'min_samples_leaf': 1, 'min_samples_split': 3, 'n_estimators': 200} -> F1: 0.7715 (±0.1179)
2026-08-05 10:41:23 | DEBUG    | train |   Params: {'class_weight': None, 'max_depth': 5, 'min_samples_leaf': 1, 'min_samples_split': 3, 'n_estimators': 300} -> F1: 0.7662 (±0.1292)
2026-08-05 10:41:23 | DEBUG    | train |   Params: {'class_weight': None, 'max_depth': 5, 'min_samples_leaf': 1, 'min_samples_split': 5, 'n_estimators': 200} -> F1: 0.7762 (±0.1101)
2026-08-05 10:41:23 | DEBUG    | train |   Params: {'class_weight': None, 'max_depth': 5, 'min_samples_leaf': 1, 'min_samples_split': 5, 'n_estimators': 300} -> F1: 0.7711 (±0.1129)
2026-08-05 10:41:23 | DEBUG    | train |   Params: {'class_weight': None, 'max_depth': 5, 'min_samples_leaf': 1, 'min_samples_split': 8, 'n_estimators': 200} -> F1: 0.7504 (±0.1110)
2026-08-05 10:41:23 | DEBUG    | train |   Params: {'class_weight': None, 'max_depth': 5, 'min_samples_leaf': 1, 'min_samples_split': 8, 'n_estimators': 300} -> F1: 0.7404 (±0.1281)
2026-08-05 10:41:23 | DEBUG    | train |   Params: {'class_weight': None, 'max_depth': 5, 'min_samples_leaf': 2, 'min_samples_split': 3, 'n_estimators': 200} -> F1: 0.7762 (±0.1101)
2026-08-05 10:41:23 | DEBUG    | train |   Params: {'class_weight': None, 'max_depth': 5, 'min_samples_leaf': 2, 'min_samples_split': 3, 'n_estimators': 300} -> F1: 0.7711 (±0.1129)
2026-08-05 10:41:23 | DEBUG    | train |   Params: {'class_weight': None, 'max_depth': 5, 'min_samples_leaf': 2, 'min_samples_split': 5, 'n_estimators': 200} -> F1: 0.7762 (±0.1101)
2026-08-05 10:41:23 | DEBUG    | train |   Params: {'class_weight': None, 'max_depth': 5, 'min_samples_leaf': 2, 'min_samples_split': 5, 'n_estimators': 300} -> F1: 0.7711 (±0.1129)
2026-08-05 10:41:23 | DEBUG    | train |   Params: {'class_weight': None, 'max_depth': 5, 'min_samples_leaf': 2, 'min_samples_split': 8, 'n_estimators': 200} -> F1: 0.7404 (±0.1281)
2026-08-05 10:41:23 | DEBUG    | train |   Params: {'class_weight': None, 'max_depth': 5, 'min_samples_leaf': 2, 'min_samples_split': 8, 'n_estimators': 300} -> F1: 0.7404 (±0.1281)
2026-08-05 10:41:23 | DEBUG    | train |   Params: {'class_weight': None, 'max_depth': 5, 'min_samples_leaf': 3, 'min_samples_split': 3, 'n_estimators': 200} -> F1: 0.7662 (±0.1050)
2026-08-05 10:41:23 | DEBUG    | train |   Params: {'class_weight': None, 'max_depth': 5, 'min_samples_leaf': 3, 'min_samples_split': 3, 'n_estimators': 300} -> F1: 0.7544 (±0.1017)
2026-08-05 10:41:23 | DEBUG    | train |   Params: {'class_weight': None, 'max_depth': 5, 'min_samples_leaf': 3, 'min_samples_split': 5, 'n_estimators': 200} -> F1: 0.7662 (±0.1050)
2026-08-05 10:41:23 | DEBUG    | train |   Params: {'class_weight': None, 'max_depth': 5, 'min_samples_leaf': 3, 'min_samples_split': 5, 'n_estimators': 300} -> F1: 0.7544 (±0.1017)
2026-08-05 10:41:23 | DEBUG    | train |   Params: {'class_weight': None, 'max_depth': 5, 'min_samples_leaf': 3, 'min_samples_split': 8, 'n_estimators': 200} -> F1: 0.7337 (±0.1221)
2026-08-05 10:41:23 | DEBUG    | train |   Params: {'class_weight': None, 'max_depth': 5, 'min_samples_leaf': 3, 'min_samples_split': 8, 'n_estimators': 300} -> F1: 0.7337 (±0.1221)
2026-08-05 10:41:23 | DEBUG    | train |   Params: {'class_weight': None, 'max_depth': 6, 'min_samples_leaf': 1, 'min_samples_split': 3, 'n_estimators': 200} -> F1: 0.7715 (±0.1179)
2026-08-05 10:41:23 | DEBUG    | train |   Params: {'class_weight': None, 'max_depth': 6, 'min_samples_leaf': 1, 'min_samples_split': 3, 'n_estimators': 300} -> F1: 0.7662 (±0.1292)
2026-08-05 10:41:23 | DEBUG    | train |   Params: {'class_weight': None, 'max_depth': 6, 'min_samples_leaf': 1, 'min_samples_split': 5, 'n_estimators': 200} -> F1: 0.7762 (±0.1101)
2026-08-05 10:41:23 | DEBUG    | train |   Params: {'class_weight': None, 'max_depth': 6, 'min_samples_leaf': 1, 'min_samples_split': 5, 'n_estimators': 300} -> F1: 0.7711 (±0.1129)
2026-08-05 10:41:23 | DEBUG    | train |   Params: {'class_weight': None, 'max_depth': 6, 'min_samples_leaf': 1, 'min_samples_split': 8, 'n_estimators': 200} -> F1: 0.7504 (±0.1110)
2026-08-05 10:41:23 | DEBUG    | train |   Params: {'class_weight': None, 'max_depth': 6, 'min_samples_leaf': 1, 'min_samples_split': 8, 'n_estimators': 300} -> F1: 0.7404 (±0.1281)
2026-08-05 10:41:23 | DEBUG    | train |   Params: {'class_weight': None, 'max_depth': 6, 'min_samples_leaf': 2, 'min_samples_split': 3, 'n_estimators': 200} -> F1: 0.7762 (±0.1101)
2026-08-05 10:41:23 | DEBUG    | train |   Params: {'class_weight': None, 'max_depth': 6, 'min_samples_leaf': 2, 'min_samples_split': 3, 'n_estimators': 300} -> F1: 0.7711 (±0.1129)
2026-08-05 10:41:23 | DEBUG    | train |   Params: {'class_weight': None, 'max_depth': 6, 'min_samples_leaf': 2, 'min_samples_split': 5, 'n_estimators': 200} -> F1: 0.7762 (±0.1101)
2026-08-05 10:41:23 | DEBUG    | train |   Params: {'class_weight': None, 'max_depth': 6, 'min_samples_leaf': 2, 'min_samples_split': 5, 'n_estimators': 300} -> F1: 0.7711 (±0.1129)
2026-08-05 10:41:23 | DEBUG    | train |   Params: {'class_weight': None, 'max_depth': 6, 'min_samples_leaf': 2, 'min_samples_split': 8, 'n_estimators': 200} -> F1: 0.7404 (±0.1281)
2026-08-05 10:41:23 | DEBUG    | train |   Params: {'class_weight': None, 'max_depth': 6, 'min_samples_leaf': 2, 'min_samples_split': 8, 'n_estimators': 300} -> F1: 0.7404 (±0.1281)
2026-08-05 10:41:23 | DEBUG    | train |   Params: {'class_weight': None, 'max_depth': 6, 'min_samples_leaf': 3, 'min_samples_split': 3, 'n_estimators': 200} -> F1: 0.7662 (±0.1050)
2026-08-05 10:41:23 | DEBUG    | train |   Params: {'class_weight': None, 'max_depth': 6, 'min_samples_leaf': 3, 'min_samples_split': 3, 'n_estimators': 300} -> F1: 0.7544 (±0.1017)
2026-08-05 10:41:23 | DEBUG    | train |   Params: {'class_weight': None, 'max_depth': 6, 'min_samples_leaf': 3, 'min_samples_split': 5, 'n_estimators': 200} -> F1: 0.7662 (±0.1050)
2026-08-05 10:41:23 | DEBUG    | train |   Params: {'class_weight': None, 'max_depth': 6, 'min_samples_leaf': 3, 'min_samples_split': 5, 'n_estimators': 300} -> F1: 0.7544 (±0.1017)
2026-08-05 10:41:23 | DEBUG    | train |   Params: {'class_weight': None, 'max_depth': 6, 'min_samples_leaf': 3, 'min_samples_split': 8, 'n_estimators': 200} -> F1: 0.7337 (±0.1221)
2026-08-05 10:41:23 | DEBUG    | train |   Params: {'class_weight': None, 'max_depth': 6, 'min_samples_leaf': 3, 'min_samples_split': 8, 'n_estimators': 300} -> F1: 0.7337 (±0.1221)
2026-08-05 10:41:23 | DEBUG    | train |   Params: {'class_weight': None, 'max_depth': None, 'min_samples_leaf': 1, 'min_samples_split': 3, 'n_estimators': 200} -> F1: 0.7715 (±0.1179)
2026-08-05 10:41:23 | DEBUG    | train |   Params: {'class_weight': None, 'max_depth': None, 'min_samples_leaf': 1, 'min_samples_split': 3, 'n_estimators': 300} -> F1: 0.7662 (±0.1292)
2026-08-05 10:41:23 | DEBUG    | train |   Params: {'class_weight': None, 'max_depth': None, 'min_samples_leaf': 1, 'min_samples_split': 5, 'n_estimators': 200} -> F1: 0.7762 (±0.1101)
2026-08-05 10:41:23 | DEBUG    | train |   Params: {'class_weight': None, 'max_depth': None, 'min_samples_leaf': 1, 'min_samples_split': 5, 'n_estimators': 300} -> F1: 0.7711 (±0.1129)
2026-08-05 10:41:23 | DEBUG    | train |   Params: {'class_weight': None, 'max_depth': None, 'min_samples_leaf': 1, 'min_samples_split': 8, 'n_estimators': 200} -> F1: 0.7504 (±0.1110)
2026-08-05 10:41:23 | DEBUG    | train |   Params: {'class_weight': None, 'max_depth': None, 'min_samples_leaf': 1, 'min_samples_split': 8, 'n_estimators': 300} -> F1: 0.7404 (±0.1281)
2026-08-05 10:41:23 | DEBUG    | train |   Params: {'class_weight': None, 'max_depth': None, 'min_samples_leaf': 2, 'min_samples_split': 3, 'n_estimators': 200} -> F1: 0.7762 (±0.1101)
2026-08-05 10:41:23 | DEBUG    | train |   Params: {'class_weight': None, 'max_depth': None, 'min_samples_leaf': 2, 'min_samples_split': 3, 'n_estimators': 300} -> F1: 0.7711 (±0.1129)
2026-08-05 10:41:23 | DEBUG    | train |   Params: {'class_weight': None, 'max_depth': None, 'min_samples_leaf': 2, 'min_samples_split': 5, 'n_estimators': 200} -> F1: 0.7762 (±0.1101)
2026-08-05 10:41:23 | DEBUG    | train |   Params: {'class_weight': None, 'max_depth': None, 'min_samples_leaf': 2, 'min_samples_split': 5, 'n_estimators': 300} -> F1: 0.7711 (±0.1129)
2026-08-05 10:41:23 | DEBUG    | train |   Params: {'class_weight': None, 'max_depth': None, 'min_samples_leaf': 2, 'min_samples_split': 8, 'n_estimators': 200} -> F1: 0.7404 (±0.1281)
2026-08-05 10:41:23 | DEBUG    | train |   Params: {'class_weight': None, 'max_depth': None, 'min_samples_leaf': 2, 'min_samples_split': 8, 'n_estimators': 300} -> F1: 0.7404 (±0.1281)
2026-08-05 10:41:23 | DEBUG    | train |   Params: {'class_weight': None, 'max_depth': None, 'min_samples_leaf': 3, 'min_samples_split': 3, 'n_estimators': 200} -> F1: 0.7662 (±0.1050)
2026-08-05 10:41:23 | DEBUG    | train |   Params: {'class_weight': None, 'max_depth': None, 'min_samples_leaf': 3, 'min_samples_split': 3, 'n_estimators': 300} -> F1: 0.7544 (±0.1017)
2026-08-05 10:41:23 | DEBUG    | train |   Params: {'class_weight': None, 'max_depth': None, 'min_samples_leaf': 3, 'min_samples_split': 5, 'n_estimators': 200} -> F1: 0.7662 (±0.1050)
2026-08-05 10:41:23 | DEBUG    | train |   Params: {'class_weight': None, 'max_depth': None, 'min_samples_leaf': 3, 'min_samples_split': 5, 'n_estimators': 300} -> F1: 0.7544 (±0.1017)
2026-08-05 10:41:23 | DEBUG    | train |   Params: {'class_weight': None, 'max_depth': None, 'min_samples_leaf': 3, 'min_samples_split': 8, 'n_estimators': 200} -> F1: 0.7337 (±0.1221)
2026-08-05 10:41:23 | DEBUG    | train |   Params: {'class_weight': None, 'max_depth': None, 'min_samples_leaf': 3, 'min_samples_split': 8, 'n_estimators': 300} -> F1: 0.7337 (±0.1221)
2026-08-05 10:41:23 | INFO     | train | Evaluating RandomForest (classification)...
2026-08-05 10:41:24 | INFO     | train |   CV completed in 0.69s
2026-08-05 10:41:24 | INFO     | train |   Accuracy: 0.8267 (±0.1062) [train: 0.9950]
2026-08-05 10:41:24 | INFO     | train |   F1 (w):   0.8252 (±0.1223)
2026-08-05 10:41:24 | INFO     | train |   F1 (macro): 0.6853 (±0.1901)
2026-08-05 10:41:24 | INFO     | train |   Precision: 0.8600
2026-08-05 10:41:24 | INFO     | train |   Recall:    0.8267
2026-08-05 10:41:24 | WARNING  | train |   [WARN] Possible overfitting: train Acc - test Acc = 0.1683
2026-08-05 10:41:24 | INFO     | train | 
--- Model: GradientBoosting ---
2026-08-05 10:41:24 | INFO     | train | Tuning hyperparameters (GridSearchCV) for GradientBoosting...
2026-08-05 10:42:26 | INFO     | train |   Tuning completed in 62.23s
2026-08-05 10:42:26 | INFO     | train |   Best params: {'learning_rate': 0.1, 'max_depth': 4, 'min_samples_split': 5, 'n_estimators': 100, 'subsample': 0.8}
2026-08-05 10:42:26 | INFO     | train |   Best CV F1: 0.8297
2026-08-05 10:42:26 | DEBUG    | train |   Params: {'learning_rate': 0.05, 'max_depth': 3, 'min_samples_split': 5, 'n_estimators': 100, 'subsample': 0.8} -> F1: 0.7971 (±0.1195)
2026-08-05 10:42:26 | DEBUG    | train |   Params: {'learning_rate': 0.05, 'max_depth': 3, 'min_samples_split': 5, 'n_estimators': 100, 'subsample': 1.0} -> F1: 0.7848 (±0.1406)
2026-08-05 10:42:26 | DEBUG    | train |   Params: {'learning_rate': 0.05, 'max_depth': 3, 'min_samples_split': 5, 'n_estimators': 150, 'subsample': 0.8} -> F1: 0.8124 (±0.1205)
2026-08-05 10:42:26 | DEBUG    | train |   Params: {'learning_rate': 0.05, 'max_depth': 3, 'min_samples_split': 5, 'n_estimators': 150, 'subsample': 1.0} -> F1: 0.7848 (±0.1406)
2026-08-05 10:42:26 | DEBUG    | train |   Params: {'learning_rate': 0.05, 'max_depth': 3, 'min_samples_split': 5, 'n_estimators': 200, 'subsample': 0.8} -> F1: 0.7993 (±0.1163)
2026-08-05 10:42:26 | DEBUG    | train |   Params: {'learning_rate': 0.05, 'max_depth': 3, 'min_samples_split': 5, 'n_estimators': 200, 'subsample': 1.0} -> F1: 0.7857 (±0.1407)
2026-08-05 10:42:26 | DEBUG    | train |   Params: {'learning_rate': 0.05, 'max_depth': 3, 'min_samples_split': 8, 'n_estimators': 100, 'subsample': 0.8} -> F1: 0.8146 (±0.1225)
2026-08-05 10:42:26 | DEBUG    | train |   Params: {'learning_rate': 0.05, 'max_depth': 3, 'min_samples_split': 8, 'n_estimators': 100, 'subsample': 1.0} -> F1: 0.7626 (±0.1199)
2026-08-05 10:42:26 | DEBUG    | train |   Params: {'learning_rate': 0.05, 'max_depth': 3, 'min_samples_split': 8, 'n_estimators': 150, 'subsample': 0.8} -> F1: 0.7786 (±0.1131)
2026-08-05 10:42:26 | DEBUG    | train |   Params: {'learning_rate': 0.05, 'max_depth': 3, 'min_samples_split': 8, 'n_estimators': 150, 'subsample': 1.0} -> F1: 0.7610 (±0.1179)
2026-08-05 10:42:26 | DEBUG    | train |   Params: {'learning_rate': 0.05, 'max_depth': 3, 'min_samples_split': 8, 'n_estimators': 200, 'subsample': 0.8} -> F1: 0.7655 (±0.1166)
2026-08-05 10:42:26 | DEBUG    | train |   Params: {'learning_rate': 0.05, 'max_depth': 3, 'min_samples_split': 8, 'n_estimators': 200, 'subsample': 1.0} -> F1: 0.7610 (±0.1179)
2026-08-05 10:42:26 | DEBUG    | train |   Params: {'learning_rate': 0.05, 'max_depth': 4, 'min_samples_split': 5, 'n_estimators': 100, 'subsample': 0.8} -> F1: 0.7962 (±0.1195)
2026-08-05 10:42:26 | DEBUG    | train |   Params: {'learning_rate': 0.05, 'max_depth': 4, 'min_samples_split': 5, 'n_estimators': 100, 'subsample': 1.0} -> F1: 0.7995 (±0.1250)
2026-08-05 10:42:26 | DEBUG    | train |   Params: {'learning_rate': 0.05, 'max_depth': 4, 'min_samples_split': 5, 'n_estimators': 150, 'subsample': 0.8} -> F1: 0.8164 (±0.1224)
2026-08-05 10:42:26 | DEBUG    | train |   Params: {'learning_rate': 0.05, 'max_depth': 4, 'min_samples_split': 5, 'n_estimators': 150, 'subsample': 1.0} -> F1: 0.7995 (±0.1250)
2026-08-05 10:42:26 | DEBUG    | train |   Params: {'learning_rate': 0.05, 'max_depth': 4, 'min_samples_split': 5, 'n_estimators': 200, 'subsample': 0.8} -> F1: 0.8164 (±0.1245)
2026-08-05 10:42:26 | DEBUG    | train |   Params: {'learning_rate': 0.05, 'max_depth': 4, 'min_samples_split': 5, 'n_estimators': 200, 'subsample': 1.0} -> F1: 0.7995 (±0.1250)
2026-08-05 10:42:26 | DEBUG    | train |   Params: {'learning_rate': 0.05, 'max_depth': 4, 'min_samples_split': 8, 'n_estimators': 100, 'subsample': 0.8} -> F1: 0.8079 (±0.1148)
2026-08-05 10:42:26 | DEBUG    | train |   Params: {'learning_rate': 0.05, 'max_depth': 4, 'min_samples_split': 8, 'n_estimators': 100, 'subsample': 1.0} -> F1: 0.7626 (±0.1199)
2026-08-05 10:42:26 | DEBUG    | train |   Params: {'learning_rate': 0.05, 'max_depth': 4, 'min_samples_split': 8, 'n_estimators': 150, 'subsample': 0.8} -> F1: 0.7824 (±0.1161)
2026-08-05 10:42:26 | DEBUG    | train |   Params: {'learning_rate': 0.05, 'max_depth': 4, 'min_samples_split': 8, 'n_estimators': 150, 'subsample': 1.0} -> F1: 0.7716 (±0.1105)
2026-08-05 10:42:26 | DEBUG    | train |   Params: {'learning_rate': 0.05, 'max_depth': 4, 'min_samples_split': 8, 'n_estimators': 200, 'subsample': 0.8} -> F1: 0.7786 (±0.1225)
2026-08-05 10:42:26 | DEBUG    | train |   Params: {'learning_rate': 0.05, 'max_depth': 4, 'min_samples_split': 8, 'n_estimators': 200, 'subsample': 1.0} -> F1: 0.7672 (±0.1082)
2026-08-05 10:42:26 | DEBUG    | train |   Params: {'learning_rate': 0.05, 'max_depth': 5, 'min_samples_split': 5, 'n_estimators': 100, 'subsample': 0.8} -> F1: 0.7962 (±0.1195)
2026-08-05 10:42:26 | DEBUG    | train |   Params: {'learning_rate': 0.05, 'max_depth': 5, 'min_samples_split': 5, 'n_estimators': 100, 'subsample': 1.0} -> F1: 0.8066 (±0.1279)
2026-08-05 10:42:26 | DEBUG    | train |   Params: {'learning_rate': 0.05, 'max_depth': 5, 'min_samples_split': 5, 'n_estimators': 150, 'subsample': 0.8} -> F1: 0.8124 (±0.1205)
2026-08-05 10:42:26 | DEBUG    | train |   Params: {'learning_rate': 0.05, 'max_depth': 5, 'min_samples_split': 5, 'n_estimators': 150, 'subsample': 1.0} -> F1: 0.8066 (±0.1279)
2026-08-05 10:42:26 | DEBUG    | train |   Params: {'learning_rate': 0.05, 'max_depth': 5, 'min_samples_split': 5, 'n_estimators': 200, 'subsample': 0.8} -> F1: 0.8164 (±0.1245)
2026-08-05 10:42:26 | DEBUG    | train |   Params: {'learning_rate': 0.05, 'max_depth': 5, 'min_samples_split': 5, 'n_estimators': 200, 'subsample': 1.0} -> F1: 0.7999 (±0.1200)
2026-08-05 10:42:26 | DEBUG    | train |   Params: {'learning_rate': 0.05, 'max_depth': 5, 'min_samples_split': 8, 'n_estimators': 100, 'subsample': 0.8} -> F1: 0.7961 (±0.1092)
2026-08-05 10:42:26 | DEBUG    | train |   Params: {'learning_rate': 0.05, 'max_depth': 5, 'min_samples_split': 8, 'n_estimators': 100, 'subsample': 1.0} -> F1: 0.7692 (±0.1224)
2026-08-05 10:42:26 | DEBUG    | train |   Params: {'learning_rate': 0.05, 'max_depth': 5, 'min_samples_split': 8, 'n_estimators': 150, 'subsample': 0.8} -> F1: 0.7881 (±0.1098)
2026-08-05 10:42:26 | DEBUG    | train |   Params: {'learning_rate': 0.05, 'max_depth': 5, 'min_samples_split': 8, 'n_estimators': 150, 'subsample': 1.0} -> F1: 0.7716 (±0.1105)
2026-08-05 10:42:26 | DEBUG    | train |   Params: {'learning_rate': 0.05, 'max_depth': 5, 'min_samples_split': 8, 'n_estimators': 200, 'subsample': 0.8} -> F1: 0.7688 (±0.1370)
2026-08-05 10:42:26 | DEBUG    | train |   Params: {'learning_rate': 0.05, 'max_depth': 5, 'min_samples_split': 8, 'n_estimators': 200, 'subsample': 1.0} -> F1: 0.7754 (±0.1139)
2026-08-05 10:42:26 | DEBUG    | train |   Params: {'learning_rate': 0.1, 'max_depth': 3, 'min_samples_split': 5, 'n_estimators': 100, 'subsample': 0.8} -> F1: 0.7944 (±0.1221)
2026-08-05 10:42:26 | DEBUG    | train |   Params: {'learning_rate': 0.1, 'max_depth': 3, 'min_samples_split': 5, 'n_estimators': 100, 'subsample': 1.0} -> F1: 0.7857 (±0.1407)
2026-08-05 10:42:26 | DEBUG    | train |   Params: {'learning_rate': 0.1, 'max_depth': 3, 'min_samples_split': 5, 'n_estimators': 150, 'subsample': 0.8} -> F1: 0.7833 (±0.1336)
2026-08-05 10:42:26 | DEBUG    | train |   Params: {'learning_rate': 0.1, 'max_depth': 3, 'min_samples_split': 5, 'n_estimators': 150, 'subsample': 1.0} -> F1: 0.7830 (±0.1356)
2026-08-05 10:42:26 | DEBUG    | train |   Params: {'learning_rate': 0.1, 'max_depth': 3, 'min_samples_split': 5, 'n_estimators': 200, 'subsample': 0.8} -> F1: 0.8024 (±0.1358)
2026-08-05 10:42:26 | DEBUG    | train |   Params: {'learning_rate': 0.1, 'max_depth': 3, 'min_samples_split': 5, 'n_estimators': 200, 'subsample': 1.0} -> F1: 0.7830 (±0.1356)
2026-08-05 10:42:26 | DEBUG    | train |   Params: {'learning_rate': 0.1, 'max_depth': 3, 'min_samples_split': 8, 'n_estimators': 100, 'subsample': 0.8} -> F1: 0.7928 (±0.1137)
2026-08-05 10:42:26 | DEBUG    | train |   Params: {'learning_rate': 0.1, 'max_depth': 3, 'min_samples_split': 8, 'n_estimators': 100, 'subsample': 1.0} -> F1: 0.7499 (±0.1130)
2026-08-05 10:42:26 | DEBUG    | train |   Params: {'learning_rate': 0.1, 'max_depth': 3, 'min_samples_split': 8, 'n_estimators': 150, 'subsample': 0.8} -> F1: 0.7844 (±0.1341)
2026-08-05 10:42:26 | DEBUG    | train |   Params: {'learning_rate': 0.1, 'max_depth': 3, 'min_samples_split': 8, 'n_estimators': 150, 'subsample': 1.0} -> F1: 0.7494 (±0.1124)
2026-08-05 10:42:26 | DEBUG    | train |   Params: {'learning_rate': 0.1, 'max_depth': 3, 'min_samples_split': 8, 'n_estimators': 200, 'subsample': 0.8} -> F1: 0.7777 (±0.1381)
2026-08-05 10:42:26 | DEBUG    | train |   Params: {'learning_rate': 0.1, 'max_depth': 3, 'min_samples_split': 8, 'n_estimators': 200, 'subsample': 1.0} -> F1: 0.7599 (±0.1270)
2026-08-05 10:42:26 | DEBUG    | train |   Params: {'learning_rate': 0.1, 'max_depth': 4, 'min_samples_split': 5, 'n_estimators': 100, 'subsample': 0.8} -> F1: 0.8297 (±0.1305)
2026-08-05 10:42:26 | DEBUG    | train |   Params: {'learning_rate': 0.1, 'max_depth': 4, 'min_samples_split': 5, 'n_estimators': 100, 'subsample': 1.0} -> F1: 0.7873 (±0.1132)
2026-08-05 10:42:26 | DEBUG    | train |   Params: {'learning_rate': 0.1, 'max_depth': 4, 'min_samples_split': 5, 'n_estimators': 150, 'subsample': 0.8} -> F1: 0.8135 (±0.1365)
2026-08-05 10:42:26 | DEBUG    | train |   Params: {'learning_rate': 0.1, 'max_depth': 4, 'min_samples_split': 5, 'n_estimators': 150, 'subsample': 1.0} -> F1: 0.7873 (±0.1132)
2026-08-05 10:42:26 | DEBUG    | train |   Params: {'learning_rate': 0.1, 'max_depth': 4, 'min_samples_split': 5, 'n_estimators': 200, 'subsample': 0.8} -> F1: 0.8135 (±0.1365)
2026-08-05 10:42:26 | DEBUG    | train |   Params: {'learning_rate': 0.1, 'max_depth': 4, 'min_samples_split': 5, 'n_estimators': 200, 'subsample': 1.0} -> F1: 0.7873 (±0.1132)
2026-08-05 10:42:26 | DEBUG    | train |   Params: {'learning_rate': 0.1, 'max_depth': 4, 'min_samples_split': 8, 'n_estimators': 100, 'subsample': 0.8} -> F1: 0.8059 (±0.1168)
2026-08-05 10:42:26 | DEBUG    | train |   Params: {'learning_rate': 0.1, 'max_depth': 4, 'min_samples_split': 8, 'n_estimators': 100, 'subsample': 1.0} -> F1: 0.7781 (±0.1163)
2026-08-05 10:42:26 | DEBUG    | train |   Params: {'learning_rate': 0.1, 'max_depth': 4, 'min_samples_split': 8, 'n_estimators': 150, 'subsample': 0.8} -> F1: 0.7964 (±0.1287)
2026-08-05 10:42:26 | DEBUG    | train |   Params: {'learning_rate': 0.1, 'max_depth': 4, 'min_samples_split': 8, 'n_estimators': 150, 'subsample': 1.0} -> F1: 0.7781 (±0.1163)
2026-08-05 10:42:26 | DEBUG    | train |   Params: {'learning_rate': 0.1, 'max_depth': 4, 'min_samples_split': 8, 'n_estimators': 200, 'subsample': 0.8} -> F1: 0.7915 (±0.1346)
2026-08-05 10:42:26 | DEBUG    | train |   Params: {'learning_rate': 0.1, 'max_depth': 4, 'min_samples_split': 8, 'n_estimators': 200, 'subsample': 1.0} -> F1: 0.7911 (±0.1039)
2026-08-05 10:42:26 | DEBUG    | train |   Params: {'learning_rate': 0.1, 'max_depth': 5, 'min_samples_split': 5, 'n_estimators': 100, 'subsample': 0.8} -> F1: 0.8061 (±0.1232)
2026-08-05 10:42:26 | DEBUG    | train |   Params: {'learning_rate': 0.1, 'max_depth': 5, 'min_samples_split': 5, 'n_estimators': 100, 'subsample': 1.0} -> F1: 0.7944 (±0.1171)
2026-08-05 10:42:26 | DEBUG    | train |   Params: {'learning_rate': 0.1, 'max_depth': 5, 'min_samples_split': 5, 'n_estimators': 150, 'subsample': 0.8} -> F1: 0.8035 (±0.1453)
2026-08-05 10:42:26 | DEBUG    | train |   Params: {'learning_rate': 0.1, 'max_depth': 5, 'min_samples_split': 5, 'n_estimators': 150, 'subsample': 1.0} -> F1: 0.7944 (±0.1171)
2026-08-05 10:42:26 | DEBUG    | train |   Params: {'learning_rate': 0.1, 'max_depth': 5, 'min_samples_split': 5, 'n_estimators': 200, 'subsample': 0.8} -> F1: 0.7924 (±0.1439)
2026-08-05 10:42:26 | DEBUG    | train |   Params: {'learning_rate': 0.1, 'max_depth': 5, 'min_samples_split': 5, 'n_estimators': 200, 'subsample': 1.0} -> F1: 0.7944 (±0.1171)
2026-08-05 10:42:26 | DEBUG    | train |   Params: {'learning_rate': 0.1, 'max_depth': 5, 'min_samples_split': 8, 'n_estimators': 100, 'subsample': 0.8} -> F1: 0.8061 (±0.1249)
2026-08-05 10:42:26 | DEBUG    | train |   Params: {'learning_rate': 0.1, 'max_depth': 5, 'min_samples_split': 8, 'n_estimators': 100, 'subsample': 1.0} -> F1: 0.7714 (±0.1142)
2026-08-05 10:42:26 | DEBUG    | train |   Params: {'learning_rate': 0.1, 'max_depth': 5, 'min_samples_split': 8, 'n_estimators': 150, 'subsample': 0.8} -> F1: 0.7899 (±0.1283)
2026-08-05 10:42:26 | DEBUG    | train |   Params: {'learning_rate': 0.1, 'max_depth': 5, 'min_samples_split': 8, 'n_estimators': 150, 'subsample': 1.0} -> F1: 0.7714 (±0.1142)
2026-08-05 10:42:26 | DEBUG    | train |   Params: {'learning_rate': 0.1, 'max_depth': 5, 'min_samples_split': 8, 'n_estimators': 200, 'subsample': 0.8} -> F1: 0.8055 (±0.1317)
2026-08-05 10:42:26 | DEBUG    | train |   Params: {'learning_rate': 0.1, 'max_depth': 5, 'min_samples_split': 8, 'n_estimators': 200, 'subsample': 1.0} -> F1: 0.7714 (±0.1142)
2026-08-05 10:42:26 | INFO     | train | Evaluating GradientBoosting (classification)...
2026-08-05 10:42:27 | INFO     | train |   CV completed in 0.67s
2026-08-05 10:42:27 | INFO     | train |   Accuracy: 0.8400 (±0.1143) [train: 1.0000]
2026-08-05 10:42:27 | INFO     | train |   F1 (w):   0.8297 (±0.1305)
2026-08-05 10:42:27 | INFO     | train |   F1 (macro): 0.7378 (±0.1996)
2026-08-05 10:42:27 | INFO     | train |   Precision: 0.8541
2026-08-05 10:42:27 | INFO     | train |   Recall:    0.8400
2026-08-05 10:42:27 | WARNING  | train |   [WARN] Possible overfitting: train Acc - test Acc = 0.1600
2026-08-05 10:42:27 | INFO     | train | 
--- Model: XGBoost ---
2026-08-05 10:42:27 | INFO     | train | Optuna Bayesian tuning for xgboost (classification) — 75 trials...
2026-08-05 10:42:35 | INFO     | train |   Optuna tuning completed in 8.47s
2026-08-05 10:42:35 | INFO     | train |   Best params: {'n_estimators': 150, 'max_depth': 3, 'learning_rate': 0.19187130169933914, 'subsample': 0.9086528688285075, 'colsample_bytree': 0.6860022963485611, 'min_child_weight': 2, 'reg_alpha': 0.0012517878036336623, 'reg_lambda': 0.3873505699534653}
2026-08-05 10:42:35 | INFO     | train |   Best CV score: 0.8104
2026-08-05 10:42:35 | INFO     | train |   Trials: 75 completed, 0 pruned
2026-08-05 10:42:35 | INFO     | train | Evaluating XGBoost (classification)...
2026-08-05 10:42:36 | INFO     | train |   CV completed in 0.17s
2026-08-05 10:42:36 | INFO     | train |   Accuracy: 0.8200 (±0.0980) [train: 0.9900]
2026-08-05 10:42:36 | INFO     | train |   F1 (w):   0.8104 (±0.1223)
2026-08-05 10:42:36 | INFO     | train |   F1 (macro): 0.6858 (±0.1536)
2026-08-05 10:42:36 | INFO     | train |   Precision: 0.8454
2026-08-05 10:42:36 | INFO     | train |   Recall:    0.8200
2026-08-05 10:42:36 | WARNING  | train |   [WARN] Possible overfitting: train Acc - test Acc = 0.1700
2026-08-05 10:42:36 | INFO     | train | 
--- Model: CatBoost ---
2026-08-05 10:42:36 | INFO     | train | Optuna Bayesian tuning for catboost (classification) — 75 trials...
