2026-09-15 09:27:48 | INFO     | train | 
============================================================
2026-09-15 09:27:48 | INFO     | train | STUDENT PERFORMANCE MODEL TRAINING
2026-09-15 09:27:48 | INFO     | train | ============================================================
2026-09-15 09:27:48 | INFO     | train | Log file: D:\Student Performance & Study Habits\ml\logs\train_20260915_092748.log
2026-09-15 09:27:48 | INFO     | train | Project root: D:\Student Performance & Study Habits
2026-09-15 09:27:48 | INFO     | train | Data path: D:\Student Performance & Study Habits\ml\data\students.csv
2026-09-15 09:27:48 | INFO     | train | Models dir: D:\Student Performance & Study Habits\ml\models
2026-09-15 09:27:48 | INFO     | train | Output dir: D:\Student Performance & Study Habits\ml\output
2026-09-15 09:27:48 | INFO     | train | Loading data from D:\Student Performance & Study Habits\ml\data\students.csv
2026-09-15 09:27:48 | INFO     | train | Data loaded in 0.038s: shape=(101, 12), columns=['gender', 'age', 'study_hours_per_day', 'attendance_percent', 'sleep_hours', 'previous_gpa', 'parental_education', 'internet_access', 'extracurricular', 'part_time_job', 'final_score', 'grade']
2026-09-15 09:27:48 | DEBUG    | train | Data types:
gender                  object
age                      int64
study_hours_per_day    float64
attendance_percent       int64
sleep_hours            float64
previous_gpa           float64
parental_education      object
internet_access          int64
extracurricular          int64
part_time_job            int64
final_score              int64
grade                   object
2026-09-15 09:27:48 | DEBUG    | train | Numeric summary:
              age  study_hours_per_day  attendance_percent  sleep_hours  previous_gpa  internet_access  extracurricular  part_time_job  final_score
count  101.000000           101.000000          101.000000   101.000000    101.000000       101.000000       101.000000     101.000000   101.000000
mean    18.534653             3.265347           84.178218     7.097030      3.094059         0.742574         0.584158       0.356436    75.891089
std      0.995634             1.176557           11.498170     1.058155      0.611690         0.439397         0.495325       0.481335    18.536937
min     17.000000             1.000000           55.000000     5.000000      1.800000         0.000000         0.000000       0.000000    38.000000
25%     18.000000             2.200000           78.000000     6.200000      2.700000         0.000000         0.000000       0.000000    62.000000
50%     18.000000             3.200000           88.000000     7.000000      3.200000         1.000000         1.000000       0.000000    81.000000
75%     19.000000             4.200000           93.000000     8.000000      3.600000         1.000000         1.000000       1.000000    92.000000
max     20.000000             5.500000           99.000000     9.000000      4.000000         1.000000         1.000000       1.000000    99.000000
2026-09-15 09:27:48 | DEBUG    | train | Missing values:
gender                 0
age                    0
study_hours_per_day    0
attendance_percent     0
sleep_hours            0
previous_gpa           0
parental_education     0
internet_access        0
extracurricular        0
part_time_job          0
final_score            0
grade                  0
2026-09-15 09:27:48 | DEBUG    | train | Feature types: numeric=['age', 'study_hours_per_day', 'attendance_percent', 'sleep_hours', 'previous_gpa'], categorical=['gender', 'parental_education'], binary=['internet_access', 'extracurricular', 'part_time_job']
2026-09-15 09:27:48 | INFO     | train | Numeric features: ['age', 'study_hours_per_day', 'attendance_percent', 'sleep_hours', 'previous_gpa']
2026-09-15 09:27:48 | INFO     | train | Categorical features: ['gender', 'parental_education']
2026-09-15 09:27:48 | INFO     | train | Binary features: ['internet_access', 'extracurricular', 'part_time_job']
2026-09-15 09:27:48 | INFO     | train | Created interaction features: ['study_attendance_interaction', 'study_gpa_interaction', 'sleep_attendance_interaction', 'attendance_gpa_interaction']
2026-09-15 09:27:48 | INFO     | train | Target regression range: [38, 99], mean=75.89
2026-09-15 09:27:48 | INFO     | train | Target classification distribution: {np.int64(0): np.int64(20), np.int64(1): np.int64(12), np.int64(2): np.int64(16), np.int64(3): np.int64(10), np.int64(4): np.int64(43)}
2026-09-15 09:27:48 | DEBUG    | train | Enhanced preprocessor (with PolynomialFeatures): ['num', 'cat', 'bin']
2026-09-15 09:27:48 | INFO     | train | Transformed feature shape: (101, 62) (with interactions + poly)
2026-09-15 09:27:48 | DEBUG    | train | Final feature names (62): ['age', 'study_hours_per_day', 'attendance_percent', 'sleep_hours', 'previous_gpa', 'study_attendance_interaction', 'study_gpa_interaction', 'sleep_attendance_interaction', 'attendance_gpa_interaction', 'age^2', 'age study_hours_per_day', 'age attendance_percent', 'age sleep_hours', 'age previous_gpa', 'age study_attendance_interaction', 'age study_gpa_interaction', 'age sleep_attendance_interaction', 'age attendance_gpa_interaction', 'study_hours_per_day^2', 'study_hours_per_day attendance_percent', 'study_hours_per_day sleep_hours', 'study_hours_per_day previous_gpa', 'study_hours_per_day study_attendance_interaction', 'study_hours_per_day study_gpa_interaction', 'study_hours_per_day sleep_attendance_interaction', 'study_hours_per_day attendance_gpa_interaction', 'attendance_percent^2', 'attendance_percent sleep_hours', 'attendance_percent previous_gpa', 'attendance_percent study_attendance_interaction', 'attendance_percent study_gpa_interaction', 'attendance_percent sleep_attendance_interaction', 'attendance_percent attendance_gpa_interaction', 'sleep_hours^2', 'sleep_hours previous_gpa', 'sleep_hours study_attendance_interaction', 'sleep_hours study_gpa_interaction', 'sleep_hours sleep_attendance_interaction', 'sleep_hours attendance_gpa_interaction', 'previous_gpa^2', 'previous_gpa study_attendance_interaction', 'previous_gpa study_gpa_interaction', 'previous_gpa sleep_attendance_interaction', 'previous_gpa attendance_gpa_interaction', 'study_attendance_interaction^2', 'study_attendance_interaction study_gpa_interaction', 'study_attendance_interaction sleep_attendance_interaction', 'study_attendance_interaction attendance_gpa_interaction', 'study_gpa_interaction^2', 'study_gpa_interaction sleep_attendance_interaction', 'study_gpa_interaction attendance_gpa_interaction', 'sleep_attendance_interaction^2', 'sleep_attendance_interaction attendance_gpa_interaction', 'attendance_gpa_interaction^2', 'gender_Male', 'gender_Test', 'parental_education_High School', 'parental_education_Master', 'parental_education_PhD', 'internet_access', 'extracurricular', 'part_time_job']
2026-09-15 09:27:48 | INFO     | train | Regression CV strategy: RepeatedKFold(n_splits=5, n_repeats=3) = 15 folds
2026-09-15 09:27:48 | INFO     | train | Classification CV strategy: RepeatedStratifiedKFold(n_splits=5, n_repeats=3) = 15 folds
2026-09-15 09:27:48 | INFO     | train | 
============================================================
2026-09-15 09:27:48 | INFO     | train | REGRESSION: Predicting Final_Score
2026-09-15 09:27:48 | INFO     | train | ============================================================
2026-09-15 09:27:48 | INFO     | train | 
--- Model: RidgeCV ---
2026-09-15 09:27:48 | INFO     | train | Evaluating RidgeCV (regression)...
2026-09-15 09:27:50 | INFO     | train |   CV completed in 2.41s
2026-09-15 09:27:50 | INFO     | train |   R²:     0.9931 (±0.0027) [train: 0.9964]
2026-09-15 09:27:50 | INFO     | train |   MAE:    1.1145 (±0.2162)
2026-09-15 09:27:50 | INFO     | train |   RMSE:   1.4514 (±0.2203)
2026-09-15 09:27:50 | INFO     | train |   MSE:    2.1551
2026-09-15 09:27:50 | INFO     | train | 
--- Model: RandomForest ---
2026-09-15 09:27:50 | INFO     | train | Tuning hyperparameters (GridSearchCV) for RandomForest...
2026-09-15 09:28:30 | INFO     | train |   Tuning completed in 40.20s
2026-09-15 09:28:30 | INFO     | train |   Best params: {'max_depth': None, 'min_samples_leaf': 1, 'min_samples_split': 3, 'n_estimators': 300}
2026-09-15 09:28:30 | INFO     | train |   Best CV R²: 0.9937
2026-09-15 09:28:30 | DEBUG    | train |   Params: {'max_depth': 4, 'min_samples_leaf': 1, 'min_samples_split': 3, 'n_estimators': 200} -> R²: 0.9923 (±0.0045)
2026-09-15 09:28:30 | DEBUG    | train |   Params: {'max_depth': 4, 'min_samples_leaf': 1, 'min_samples_split': 3, 'n_estimators': 300} -> R²: 0.9924 (±0.0045)
2026-09-15 09:28:30 | DEBUG    | train |   Params: {'max_depth': 4, 'min_samples_leaf': 1, 'min_samples_split': 5, 'n_estimators': 200} -> R²: 0.9918 (±0.0045)
2026-09-15 09:28:30 | DEBUG    | train |   Params: {'max_depth': 4, 'min_samples_leaf': 1, 'min_samples_split': 5, 'n_estimators': 300} -> R²: 0.9919 (±0.0043)
2026-09-15 09:28:30 | DEBUG    | train |   Params: {'max_depth': 4, 'min_samples_leaf': 1, 'min_samples_split': 8, 'n_estimators': 200} -> R²: 0.9878 (±0.0063)
2026-09-15 09:28:30 | DEBUG    | train |   Params: {'max_depth': 4, 'min_samples_leaf': 1, 'min_samples_split': 8, 'n_estimators': 300} -> R²: 0.9877 (±0.0064)
2026-09-15 09:28:30 | DEBUG    | train |   Params: {'max_depth': 4, 'min_samples_leaf': 2, 'min_samples_split': 3, 'n_estimators': 200} -> R²: 0.9918 (±0.0046)
2026-09-15 09:28:30 | DEBUG    | train |   Params: {'max_depth': 4, 'min_samples_leaf': 2, 'min_samples_split': 3, 'n_estimators': 300} -> R²: 0.9919 (±0.0047)
2026-09-15 09:28:30 | DEBUG    | train |   Params: {'max_depth': 4, 'min_samples_leaf': 2, 'min_samples_split': 5, 'n_estimators': 200} -> R²: 0.9916 (±0.0046)
2026-09-15 09:28:30 | DEBUG    | train |   Params: {'max_depth': 4, 'min_samples_leaf': 2, 'min_samples_split': 5, 'n_estimators': 300} -> R²: 0.9917 (±0.0046)
2026-09-15 09:28:30 | DEBUG    | train |   Params: {'max_depth': 4, 'min_samples_leaf': 2, 'min_samples_split': 8, 'n_estimators': 200} -> R²: 0.9879 (±0.0062)
2026-09-15 09:28:30 | DEBUG    | train |   Params: {'max_depth': 4, 'min_samples_leaf': 2, 'min_samples_split': 8, 'n_estimators': 300} -> R²: 0.9878 (±0.0064)
2026-09-15 09:28:30 | DEBUG    | train |   Params: {'max_depth': 4, 'min_samples_leaf': 3, 'min_samples_split': 3, 'n_estimators': 200} -> R²: 0.9903 (±0.0057)
2026-09-15 09:28:30 | DEBUG    | train |   Params: {'max_depth': 4, 'min_samples_leaf': 3, 'min_samples_split': 3, 'n_estimators': 300} -> R²: 0.9903 (±0.0058)
2026-09-15 09:28:30 | DEBUG    | train |   Params: {'max_depth': 4, 'min_samples_leaf': 3, 'min_samples_split': 5, 'n_estimators': 200} -> R²: 0.9903 (±0.0057)
2026-09-15 09:28:30 | DEBUG    | train |   Params: {'max_depth': 4, 'min_samples_leaf': 3, 'min_samples_split': 5, 'n_estimators': 300} -> R²: 0.9903 (±0.0058)
2026-09-15 09:28:30 | DEBUG    | train |   Params: {'max_depth': 4, 'min_samples_leaf': 3, 'min_samples_split': 8, 'n_estimators': 200} -> R²: 0.9877 (±0.0068)
2026-09-15 09:28:30 | DEBUG    | train |   Params: {'max_depth': 4, 'min_samples_leaf': 3, 'min_samples_split': 8, 'n_estimators': 300} -> R²: 0.9877 (±0.0069)
2026-09-15 09:28:30 | DEBUG    | train |   Params: {'max_depth': 5, 'min_samples_leaf': 1, 'min_samples_split': 3, 'n_estimators': 200} -> R²: 0.9933 (±0.0044)
2026-09-15 09:28:30 | DEBUG    | train |   Params: {'max_depth': 5, 'min_samples_leaf': 1, 'min_samples_split': 3, 'n_estimators': 300} -> R²: 0.9934 (±0.0044)
2026-09-15 09:28:30 | DEBUG    | train |   Params: {'max_depth': 5, 'min_samples_leaf': 1, 'min_samples_split': 5, 'n_estimators': 200} -> R²: 0.9923 (±0.0043)
2026-09-15 09:28:30 | DEBUG    | train |   Params: {'max_depth': 5, 'min_samples_leaf': 1, 'min_samples_split': 5, 'n_estimators': 300} -> R²: 0.9924 (±0.0041)
2026-09-15 09:28:30 | DEBUG    | train |   Params: {'max_depth': 5, 'min_samples_leaf': 1, 'min_samples_split': 8, 'n_estimators': 200} -> R²: 0.9880 (±0.0062)
2026-09-15 09:28:30 | DEBUG    | train |   Params: {'max_depth': 5, 'min_samples_leaf': 1, 'min_samples_split': 8, 'n_estimators': 300} -> R²: 0.9879 (±0.0063)
2026-09-15 09:28:30 | DEBUG    | train |   Params: {'max_depth': 5, 'min_samples_leaf': 2, 'min_samples_split': 3, 'n_estimators': 200} -> R²: 0.9926 (±0.0042)
2026-09-15 09:28:30 | DEBUG    | train |   Params: {'max_depth': 5, 'min_samples_leaf': 2, 'min_samples_split': 3, 'n_estimators': 300} -> R²: 0.9926 (±0.0044)
2026-09-15 09:28:30 | DEBUG    | train |   Params: {'max_depth': 5, 'min_samples_leaf': 2, 'min_samples_split': 5, 'n_estimators': 200} -> R²: 0.9922 (±0.0044)
2026-09-15 09:28:30 | DEBUG    | train |   Params: {'max_depth': 5, 'min_samples_leaf': 2, 'min_samples_split': 5, 'n_estimators': 300} -> R²: 0.9923 (±0.0044)
2026-09-15 09:28:30 | DEBUG    | train |   Params: {'max_depth': 5, 'min_samples_leaf': 2, 'min_samples_split': 8, 'n_estimators': 200} -> R²: 0.9881 (±0.0062)
2026-09-15 09:28:30 | DEBUG    | train |   Params: {'max_depth': 5, 'min_samples_leaf': 2, 'min_samples_split': 8, 'n_estimators': 300} -> R²: 0.9880 (±0.0063)
2026-09-15 09:28:30 | DEBUG    | train |   Params: {'max_depth': 5, 'min_samples_leaf': 3, 'min_samples_split': 3, 'n_estimators': 200} -> R²: 0.9906 (±0.0056)
2026-09-15 09:28:30 | DEBUG    | train |   Params: {'max_depth': 5, 'min_samples_leaf': 3, 'min_samples_split': 3, 'n_estimators': 300} -> R²: 0.9906 (±0.0057)
2026-09-15 09:28:30 | DEBUG    | train |   Params: {'max_depth': 5, 'min_samples_leaf': 3, 'min_samples_split': 5, 'n_estimators': 200} -> R²: 0.9906 (±0.0056)
2026-09-15 09:28:30 | DEBUG    | train |   Params: {'max_depth': 5, 'min_samples_leaf': 3, 'min_samples_split': 5, 'n_estimators': 300} -> R²: 0.9906 (±0.0057)
2026-09-15 09:28:30 | DEBUG    | train |   Params: {'max_depth': 5, 'min_samples_leaf': 3, 'min_samples_split': 8, 'n_estimators': 200} -> R²: 0.9879 (±0.0067)
2026-09-15 09:28:30 | DEBUG    | train |   Params: {'max_depth': 5, 'min_samples_leaf': 3, 'min_samples_split': 8, 'n_estimators': 300} -> R²: 0.9878 (±0.0068)
2026-09-15 09:28:30 | DEBUG    | train |   Params: {'max_depth': 6, 'min_samples_leaf': 1, 'min_samples_split': 3, 'n_estimators': 200} -> R²: 0.9936 (±0.0042)
2026-09-15 09:28:30 | DEBUG    | train |   Params: {'max_depth': 6, 'min_samples_leaf': 1, 'min_samples_split': 3, 'n_estimators': 300} -> R²: 0.9936 (±0.0042)
2026-09-15 09:28:30 | DEBUG    | train |   Params: {'max_depth': 6, 'min_samples_leaf': 1, 'min_samples_split': 5, 'n_estimators': 200} -> R²: 0.9924 (±0.0042)
2026-09-15 09:28:30 | DEBUG    | train |   Params: {'max_depth': 6, 'min_samples_leaf': 1, 'min_samples_split': 5, 'n_estimators': 300} -> R²: 0.9925 (±0.0041)
2026-09-15 09:28:30 | DEBUG    | train |   Params: {'max_depth': 6, 'min_samples_leaf': 1, 'min_samples_split': 8, 'n_estimators': 200} -> R²: 0.9880 (±0.0062)
2026-09-15 09:28:30 | DEBUG    | train |   Params: {'max_depth': 6, 'min_samples_leaf': 1, 'min_samples_split': 8, 'n_estimators': 300} -> R²: 0.9879 (±0.0063)
2026-09-15 09:28:30 | DEBUG    | train |   Params: {'max_depth': 6, 'min_samples_leaf': 2, 'min_samples_split': 3, 'n_estimators': 200} -> R²: 0.9927 (±0.0041)
2026-09-15 09:28:30 | DEBUG    | train |   Params: {'max_depth': 6, 'min_samples_leaf': 2, 'min_samples_split': 3, 'n_estimators': 300} -> R²: 0.9927 (±0.0043)
2026-09-15 09:28:30 | DEBUG    | train |   Params: {'max_depth': 6, 'min_samples_leaf': 2, 'min_samples_split': 5, 'n_estimators': 200} -> R²: 0.9922 (±0.0043)
2026-09-15 09:28:30 | DEBUG    | train |   Params: {'max_depth': 6, 'min_samples_leaf': 2, 'min_samples_split': 5, 'n_estimators': 300} -> R²: 0.9923 (±0.0043)
2026-09-15 09:28:30 | DEBUG    | train |   Params: {'max_depth': 6, 'min_samples_leaf': 2, 'min_samples_split': 8, 'n_estimators': 200} -> R²: 0.9881 (±0.0061)
2026-09-15 09:28:30 | DEBUG    | train |   Params: {'max_depth': 6, 'min_samples_leaf': 2, 'min_samples_split': 8, 'n_estimators': 300} -> R²: 0.9880 (±0.0063)
2026-09-15 09:28:30 | DEBUG    | train |   Params: {'max_depth': 6, 'min_samples_leaf': 3, 'min_samples_split': 3, 'n_estimators': 200} -> R²: 0.9906 (±0.0055)
2026-09-15 09:28:30 | DEBUG    | train |   Params: {'max_depth': 6, 'min_samples_leaf': 3, 'min_samples_split': 3, 'n_estimators': 300} -> R²: 0.9906 (±0.0056)
2026-09-15 09:28:30 | DEBUG    | train |   Params: {'max_depth': 6, 'min_samples_leaf': 3, 'min_samples_split': 5, 'n_estimators': 200} -> R²: 0.9906 (±0.0055)
2026-09-15 09:28:30 | DEBUG    | train |   Params: {'max_depth': 6, 'min_samples_leaf': 3, 'min_samples_split': 5, 'n_estimators': 300} -> R²: 0.9906 (±0.0056)
2026-09-15 09:28:30 | DEBUG    | train |   Params: {'max_depth': 6, 'min_samples_leaf': 3, 'min_samples_split': 8, 'n_estimators': 200} -> R²: 0.9879 (±0.0067)
2026-09-15 09:28:30 | DEBUG    | train |   Params: {'max_depth': 6, 'min_samples_leaf': 3, 'min_samples_split': 8, 'n_estimators': 300} -> R²: 0.9878 (±0.0068)
2026-09-15 09:28:30 | DEBUG    | train |   Params: {'max_depth': None, 'min_samples_leaf': 1, 'min_samples_split': 3, 'n_estimators': 200} -> R²: 0.9936 (±0.0042)
2026-09-15 09:28:30 | DEBUG    | train |   Params: {'max_depth': None, 'min_samples_leaf': 1, 'min_samples_split': 3, 'n_estimators': 300} -> R²: 0.9937 (±0.0042)
2026-09-15 09:28:30 | DEBUG    | train |   Params: {'max_depth': None, 'min_samples_leaf': 1, 'min_samples_split': 5, 'n_estimators': 200} -> R²: 0.9924 (±0.0042)
2026-09-15 09:28:30 | DEBUG    | train |   Params: {'max_depth': None, 'min_samples_leaf': 1, 'min_samples_split': 5, 'n_estimators': 300} -> R²: 0.9925 (±0.0041)
2026-09-15 09:28:30 | DEBUG    | train |   Params: {'max_depth': None, 'min_samples_leaf': 1, 'min_samples_split': 8, 'n_estimators': 200} -> R²: 0.9880 (±0.0062)
2026-09-15 09:28:30 | DEBUG    | train |   Params: {'max_depth': None, 'min_samples_leaf': 1, 'min_samples_split': 8, 'n_estimators': 300} -> R²: 0.9879 (±0.0063)
2026-09-15 09:28:30 | DEBUG    | train |   Params: {'max_depth': None, 'min_samples_leaf': 2, 'min_samples_split': 3, 'n_estimators': 200} -> R²: 0.9927 (±0.0041)
2026-09-15 09:28:30 | DEBUG    | train |   Params: {'max_depth': None, 'min_samples_leaf': 2, 'min_samples_split': 3, 'n_estimators': 300} -> R²: 0.9927 (±0.0043)
2026-09-15 09:28:30 | DEBUG    | train |   Params: {'max_depth': None, 'min_samples_leaf': 2, 'min_samples_split': 5, 'n_estimators': 200} -> R²: 0.9922 (±0.0043)
2026-09-15 09:28:30 | DEBUG    | train |   Params: {'max_depth': None, 'min_samples_leaf': 2, 'min_samples_split': 5, 'n_estimators': 300} -> R²: 0.9923 (±0.0043)
2026-09-15 09:28:30 | DEBUG    | train |   Params: {'max_depth': None, 'min_samples_leaf': 2, 'min_samples_split': 8, 'n_estimators': 200} -> R²: 0.9881 (±0.0061)
2026-09-15 09:28:30 | DEBUG    | train |   Params: {'max_depth': None, 'min_samples_leaf': 2, 'min_samples_split': 8, 'n_estimators': 300} -> R²: 0.9880 (±0.0063)
2026-09-15 09:28:30 | DEBUG    | train |   Params: {'max_depth': None, 'min_samples_leaf': 3, 'min_samples_split': 3, 'n_estimators': 200} -> R²: 0.9906 (±0.0055)
2026-09-15 09:28:30 | DEBUG    | train |   Params: {'max_depth': None, 'min_samples_leaf': 3, 'min_samples_split': 3, 'n_estimators': 300} -> R²: 0.9906 (±0.0056)
2026-09-15 09:28:30 | DEBUG    | train |   Params: {'max_depth': None, 'min_samples_leaf': 3, 'min_samples_split': 5, 'n_estimators': 200} -> R²: 0.9906 (±0.0055)
2026-09-15 09:28:30 | DEBUG    | train |   Params: {'max_depth': None, 'min_samples_leaf': 3, 'min_samples_split': 5, 'n_estimators': 300} -> R²: 0.9906 (±0.0056)
2026-09-15 09:28:30 | DEBUG    | train |   Params: {'max_depth': None, 'min_samples_leaf': 3, 'min_samples_split': 8, 'n_estimators': 200} -> R²: 0.9879 (±0.0067)
2026-09-15 09:28:30 | DEBUG    | train |   Params: {'max_depth': None, 'min_samples_leaf': 3, 'min_samples_split': 8, 'n_estimators': 300} -> R²: 0.9878 (±0.0068)
2026-09-15 09:28:30 | INFO     | train | Evaluating RandomForest (regression)...
2026-09-15 09:28:31 | INFO     | train |   CV completed in 0.78s
2026-09-15 09:28:31 | INFO     | train |   R²:     0.9937 (±0.0042) [train: 0.9992]
2026-09-15 09:28:31 | INFO     | train |   MAE:    0.8880 (±0.1405)
2026-09-15 09:28:31 | INFO     | train |   RMSE:   1.3223 (±0.2883)
2026-09-15 09:28:31 | INFO     | train |   MSE:    1.8316
2026-09-15 09:28:31 | INFO     | train | 
--- Model: GradientBoosting ---
2026-09-15 09:28:31 | INFO     | train | Tuning hyperparameters (GridSearchCV) for GradientBoosting...
2026-09-15 09:28:44 | INFO     | train |   Tuning completed in 12.81s
2026-09-15 09:28:44 | INFO     | train |   Best params: {'learning_rate': 0.1, 'max_depth': 3, 'min_samples_split': 8, 'n_estimators': 200, 'subsample': 0.8}
2026-09-15 09:28:44 | INFO     | train |   Best CV R²: 0.9953
2026-09-15 09:28:44 | DEBUG    | train |   Params: {'learning_rate': 0.05, 'max_depth': 3, 'min_samples_split': 5, 'n_estimators': 100, 'subsample': 0.8} -> R²: 0.9947 (±0.0045)
2026-09-15 09:28:44 | DEBUG    | train |   Params: {'learning_rate': 0.05, 'max_depth': 3, 'min_samples_split': 5, 'n_estimators': 100, 'subsample': 1.0} -> R²: 0.9944 (±0.0054)
2026-09-15 09:28:44 | DEBUG    | train |   Params: {'learning_rate': 0.05, 'max_depth': 3, 'min_samples_split': 5, 'n_estimators': 150, 'subsample': 0.8} -> R²: 0.9950 (±0.0044)
2026-09-15 09:28:44 | DEBUG    | train |   Params: {'learning_rate': 0.05, 'max_depth': 3, 'min_samples_split': 5, 'n_estimators': 150, 'subsample': 1.0} -> R²: 0.9947 (±0.0053)
2026-09-15 09:28:44 | DEBUG    | train |   Params: {'learning_rate': 0.05, 'max_depth': 3, 'min_samples_split': 5, 'n_estimators': 200, 'subsample': 0.8} -> R²: 0.9950 (±0.0045)
2026-09-15 09:28:44 | DEBUG    | train |   Params: {'learning_rate': 0.05, 'max_depth': 3, 'min_samples_split': 5, 'n_estimators': 200, 'subsample': 1.0} -> R²: 0.9948 (±0.0053)
2026-09-15 09:28:44 | DEBUG    | train |   Params: {'learning_rate': 0.05, 'max_depth': 3, 'min_samples_split': 8, 'n_estimators': 100, 'subsample': 0.8} -> R²: 0.9947 (±0.0044)
2026-09-15 09:28:44 | DEBUG    | train |   Params: {'learning_rate': 0.05, 'max_depth': 3, 'min_samples_split': 8, 'n_estimators': 100, 'subsample': 1.0} -> R²: 0.9945 (±0.0054)
2026-09-15 09:28:44 | DEBUG    | train |   Params: {'learning_rate': 0.05, 'max_depth': 3, 'min_samples_split': 8, 'n_estimators': 150, 'subsample': 0.8} -> R²: 0.9949 (±0.0044)
2026-09-15 09:28:44 | DEBUG    | train |   Params: {'learning_rate': 0.05, 'max_depth': 3, 'min_samples_split': 8, 'n_estimators': 150, 'subsample': 1.0} -> R²: 0.9947 (±0.0052)
2026-09-15 09:28:44 | DEBUG    | train |   Params: {'learning_rate': 0.05, 'max_depth': 3, 'min_samples_split': 8, 'n_estimators': 200, 'subsample': 0.8} -> R²: 0.9950 (±0.0045)
2026-09-15 09:28:44 | DEBUG    | train |   Params: {'learning_rate': 0.05, 'max_depth': 3, 'min_samples_split': 8, 'n_estimators': 200, 'subsample': 1.0} -> R²: 0.9948 (±0.0053)
2026-09-15 09:28:44 | DEBUG    | train |   Params: {'learning_rate': 0.05, 'max_depth': 4, 'min_samples_split': 5, 'n_estimators': 100, 'subsample': 0.8} -> R²: 0.9940 (±0.0071)
2026-09-15 09:28:44 | DEBUG    | train |   Params: {'learning_rate': 0.05, 'max_depth': 4, 'min_samples_split': 5, 'n_estimators': 100, 'subsample': 1.0} -> R²: 0.9937 (±0.0073)
2026-09-15 09:28:44 | DEBUG    | train |   Params: {'learning_rate': 0.05, 'max_depth': 4, 'min_samples_split': 5, 'n_estimators': 150, 'subsample': 0.8} -> R²: 0.9941 (±0.0071)
2026-09-15 09:28:44 | DEBUG    | train |   Params: {'learning_rate': 0.05, 'max_depth': 4, 'min_samples_split': 5, 'n_estimators': 150, 'subsample': 1.0} -> R²: 0.9938 (±0.0072)
2026-09-15 09:28:44 | DEBUG    | train |   Params: {'learning_rate': 0.05, 'max_depth': 4, 'min_samples_split': 5, 'n_estimators': 200, 'subsample': 0.8} -> R²: 0.9941 (±0.0071)
2026-09-15 09:28:44 | DEBUG    | train |   Params: {'learning_rate': 0.05, 'max_depth': 4, 'min_samples_split': 5, 'n_estimators': 200, 'subsample': 1.0} -> R²: 0.9938 (±0.0072)
2026-09-15 09:28:44 | DEBUG    | train |   Params: {'learning_rate': 0.05, 'max_depth': 4, 'min_samples_split': 8, 'n_estimators': 100, 'subsample': 0.8} -> R²: 0.9945 (±0.0056)
2026-09-15 09:28:44 | DEBUG    | train |   Params: {'learning_rate': 0.05, 'max_depth': 4, 'min_samples_split': 8, 'n_estimators': 100, 'subsample': 1.0} -> R²: 0.9941 (±0.0063)
2026-09-15 09:28:44 | DEBUG    | train |   Params: {'learning_rate': 0.05, 'max_depth': 4, 'min_samples_split': 8, 'n_estimators': 150, 'subsample': 0.8} -> R²: 0.9946 (±0.0057)
2026-09-15 09:28:44 | DEBUG    | train |   Params: {'learning_rate': 0.05, 'max_depth': 4, 'min_samples_split': 8, 'n_estimators': 150, 'subsample': 1.0} -> R²: 0.9942 (±0.0063)
2026-09-15 09:28:44 | DEBUG    | train |   Params: {'learning_rate': 0.05, 'max_depth': 4, 'min_samples_split': 8, 'n_estimators': 200, 'subsample': 0.8} -> R²: 0.9946 (±0.0057)
2026-09-15 09:28:44 | DEBUG    | train |   Params: {'learning_rate': 0.05, 'max_depth': 4, 'min_samples_split': 8, 'n_estimators': 200, 'subsample': 1.0} -> R²: 0.9942 (±0.0063)
2026-09-15 09:28:44 | DEBUG    | train |   Params: {'learning_rate': 0.05, 'max_depth': 5, 'min_samples_split': 5, 'n_estimators': 100, 'subsample': 0.8} -> R²: 0.9947 (±0.0059)
2026-09-15 09:28:44 | DEBUG    | train |   Params: {'learning_rate': 0.05, 'max_depth': 5, 'min_samples_split': 5, 'n_estimators': 100, 'subsample': 1.0} -> R²: 0.9950 (±0.0052)
2026-09-15 09:28:44 | DEBUG    | train |   Params: {'learning_rate': 0.05, 'max_depth': 5, 'min_samples_split': 5, 'n_estimators': 150, 'subsample': 0.8} -> R²: 0.9947 (±0.0060)
2026-09-15 09:28:44 | DEBUG    | train |   Params: {'learning_rate': 0.05, 'max_depth': 5, 'min_samples_split': 5, 'n_estimators': 150, 'subsample': 1.0} -> R²: 0.9951 (±0.0052)
2026-09-15 09:28:44 | DEBUG    | train |   Params: {'learning_rate': 0.05, 'max_depth': 5, 'min_samples_split': 5, 'n_estimators': 200, 'subsample': 0.8} -> R²: 0.9947 (±0.0060)
2026-09-15 09:28:44 | DEBUG    | train |   Params: {'learning_rate': 0.05, 'max_depth': 5, 'min_samples_split': 5, 'n_estimators': 200, 'subsample': 1.0} -> R²: 0.9951 (±0.0052)
2026-09-15 09:28:44 | DEBUG    | train |   Params: {'learning_rate': 0.05, 'max_depth': 5, 'min_samples_split': 8, 'n_estimators': 100, 'subsample': 0.8} -> R²: 0.9945 (±0.0054)
2026-09-15 09:28:44 | DEBUG    | train |   Params: {'learning_rate': 0.05, 'max_depth': 5, 'min_samples_split': 8, 'n_estimators': 100, 'subsample': 1.0} -> R²: 0.9939 (±0.0067)
2026-09-15 09:28:44 | DEBUG    | train |   Params: {'learning_rate': 0.05, 'max_depth': 5, 'min_samples_split': 8, 'n_estimators': 150, 'subsample': 0.8} -> R²: 0.9946 (±0.0055)
2026-09-15 09:28:44 | DEBUG    | train |   Params: {'learning_rate': 0.05, 'max_depth': 5, 'min_samples_split': 8, 'n_estimators': 150, 'subsample': 1.0} -> R²: 0.9939 (±0.0067)
2026-09-15 09:28:44 | DEBUG    | train |   Params: {'learning_rate': 0.05, 'max_depth': 5, 'min_samples_split': 8, 'n_estimators': 200, 'subsample': 0.8} -> R²: 0.9946 (±0.0056)
2026-09-15 09:28:44 | DEBUG    | train |   Params: {'learning_rate': 0.05, 'max_depth': 5, 'min_samples_split': 8, 'n_estimators': 200, 'subsample': 1.0} -> R²: 0.9939 (±0.0067)
2026-09-15 09:28:44 | DEBUG    | train |   Params: {'learning_rate': 0.1, 'max_depth': 3, 'min_samples_split': 5, 'n_estimators': 100, 'subsample': 0.8} -> R²: 0.9951 (±0.0039)
2026-09-15 09:28:44 | DEBUG    | train |   Params: {'learning_rate': 0.1, 'max_depth': 3, 'min_samples_split': 5, 'n_estimators': 100, 'subsample': 1.0} -> R²: 0.9941 (±0.0066)
2026-09-15 09:28:44 | DEBUG    | train |   Params: {'learning_rate': 0.1, 'max_depth': 3, 'min_samples_split': 5, 'n_estimators': 150, 'subsample': 0.8} -> R²: 0.9951 (±0.0040)
2026-09-15 09:28:44 | DEBUG    | train |   Params: {'learning_rate': 0.1, 'max_depth': 3, 'min_samples_split': 5, 'n_estimators': 150, 'subsample': 1.0} -> R²: 0.9941 (±0.0067)
2026-09-15 09:28:44 | DEBUG    | train |   Params: {'learning_rate': 0.1, 'max_depth': 3, 'min_samples_split': 5, 'n_estimators': 200, 'subsample': 0.8} -> R²: 0.9951 (±0.0040)
2026-09-15 09:28:44 | DEBUG    | train |   Params: {'learning_rate': 0.1, 'max_depth': 3, 'min_samples_split': 5, 'n_estimators': 200, 'subsample': 1.0} -> R²: 0.9942 (±0.0067)
2026-09-15 09:28:44 | DEBUG    | train |   Params: {'learning_rate': 0.1, 'max_depth': 3, 'min_samples_split': 8, 'n_estimators': 100, 'subsample': 0.8} -> R²: 0.9952 (±0.0038)
2026-09-15 09:28:44 | DEBUG    | train |   Params: {'learning_rate': 0.1, 'max_depth': 3, 'min_samples_split': 8, 'n_estimators': 100, 'subsample': 1.0} -> R²: 0.9940 (±0.0067)
2026-09-15 09:28:44 | DEBUG    | train |   Params: {'learning_rate': 0.1, 'max_depth': 3, 'min_samples_split': 8, 'n_estimators': 150, 'subsample': 0.8} -> R²: 0.9953 (±0.0038)
2026-09-15 09:28:44 | DEBUG    | train |   Params: {'learning_rate': 0.1, 'max_depth': 3, 'min_samples_split': 8, 'n_estimators': 150, 'subsample': 1.0} -> R²: 0.9941 (±0.0067)
2026-09-15 09:28:44 | DEBUG    | train |   Params: {'learning_rate': 0.1, 'max_depth': 3, 'min_samples_split': 8, 'n_estimators': 200, 'subsample': 0.8} -> R²: 0.9953 (±0.0039)
2026-09-15 09:28:44 | DEBUG    | train |   Params: {'learning_rate': 0.1, 'max_depth': 3, 'min_samples_split': 8, 'n_estimators': 200, 'subsample': 1.0} -> R²: 0.9941 (±0.0067)
2026-09-15 09:28:44 | DEBUG    | train |   Params: {'learning_rate': 0.1, 'max_depth': 4, 'min_samples_split': 5, 'n_estimators': 100, 'subsample': 0.8} -> R²: 0.9947 (±0.0061)
2026-09-15 09:28:44 | DEBUG    | train |   Params: {'learning_rate': 0.1, 'max_depth': 4, 'min_samples_split': 5, 'n_estimators': 100, 'subsample': 1.0} -> R²: 0.9934 (±0.0080)
2026-09-15 09:28:44 | DEBUG    | train |   Params: {'learning_rate': 0.1, 'max_depth': 4, 'min_samples_split': 5, 'n_estimators': 150, 'subsample': 0.8} -> R²: 0.9947 (±0.0061)
2026-09-15 09:28:44 | DEBUG    | train |   Params: {'learning_rate': 0.1, 'max_depth': 4, 'min_samples_split': 5, 'n_estimators': 150, 'subsample': 1.0} -> R²: 0.9934 (±0.0080)
2026-09-15 09:28:44 | DEBUG    | train |   Params: {'learning_rate': 0.1, 'max_depth': 4, 'min_samples_split': 5, 'n_estimators': 200, 'subsample': 0.8} -> R²: 0.9947 (±0.0061)
2026-09-15 09:28:44 | DEBUG    | train |   Params: {'learning_rate': 0.1, 'max_depth': 4, 'min_samples_split': 5, 'n_estimators': 200, 'subsample': 1.0} -> R²: 0.9934 (±0.0080)
2026-09-15 09:28:44 | DEBUG    | train |   Params: {'learning_rate': 0.1, 'max_depth': 4, 'min_samples_split': 8, 'n_estimators': 100, 'subsample': 0.8} -> R²: 0.9938 (±0.0071)
2026-09-15 09:28:44 | DEBUG    | train |   Params: {'learning_rate': 0.1, 'max_depth': 4, 'min_samples_split': 8, 'n_estimators': 100, 'subsample': 1.0} -> R²: 0.9942 (±0.0059)
2026-09-15 09:28:44 | DEBUG    | train |   Params: {'learning_rate': 0.1, 'max_depth': 4, 'min_samples_split': 8, 'n_estimators': 150, 'subsample': 0.8} -> R²: 0.9938 (±0.0071)
2026-09-15 09:28:44 | DEBUG    | train |   Params: {'learning_rate': 0.1, 'max_depth': 4, 'min_samples_split': 8, 'n_estimators': 150, 'subsample': 1.0} -> R²: 0.9942 (±0.0060)
2026-09-15 09:28:44 | DEBUG    | train |   Params: {'learning_rate': 0.1, 'max_depth': 4, 'min_samples_split': 8, 'n_estimators': 200, 'subsample': 0.8} -> R²: 0.9938 (±0.0071)
2026-09-15 09:28:44 | DEBUG    | train |   Params: {'learning_rate': 0.1, 'max_depth': 4, 'min_samples_split': 8, 'n_estimators': 200, 'subsample': 1.0} -> R²: 0.9942 (±0.0060)
2026-09-15 09:28:44 | DEBUG    | train |   Params: {'learning_rate': 0.1, 'max_depth': 5, 'min_samples_split': 5, 'n_estimators': 100, 'subsample': 0.8} -> R²: 0.9938 (±0.0078)
2026-09-15 09:28:44 | DEBUG    | train |   Params: {'learning_rate': 0.1, 'max_depth': 5, 'min_samples_split': 5, 'n_estimators': 100, 'subsample': 1.0} -> R²: 0.9949 (±0.0057)
2026-09-15 09:28:44 | DEBUG    | train |   Params: {'learning_rate': 0.1, 'max_depth': 5, 'min_samples_split': 5, 'n_estimators': 150, 'subsample': 0.8} -> R²: 0.9938 (±0.0078)
2026-09-15 09:28:44 | DEBUG    | train |   Params: {'learning_rate': 0.1, 'max_depth': 5, 'min_samples_split': 5, 'n_estimators': 150, 'subsample': 1.0} -> R²: 0.9949 (±0.0057)
2026-09-15 09:28:44 | DEBUG    | train |   Params: {'learning_rate': 0.1, 'max_depth': 5, 'min_samples_split': 5, 'n_estimators': 200, 'subsample': 0.8} -> R²: 0.9938 (±0.0078)
2026-09-15 09:28:44 | DEBUG    | train |   Params: {'learning_rate': 0.1, 'max_depth': 5, 'min_samples_split': 5, 'n_estimators': 200, 'subsample': 1.0} -> R²: 0.9949 (±0.0057)
2026-09-15 09:28:44 | DEBUG    | train |   Params: {'learning_rate': 0.1, 'max_depth': 5, 'min_samples_split': 8, 'n_estimators': 100, 'subsample': 0.8} -> R²: 0.9940 (±0.0065)
2026-09-15 09:28:44 | DEBUG    | train |   Params: {'learning_rate': 0.1, 'max_depth': 5, 'min_samples_split': 8, 'n_estimators': 100, 'subsample': 1.0} -> R²: 0.9939 (±0.0065)
2026-09-15 09:28:44 | DEBUG    | train |   Params: {'learning_rate': 0.1, 'max_depth': 5, 'min_samples_split': 8, 'n_estimators': 150, 'subsample': 0.8} -> R²: 0.9940 (±0.0065)
2026-09-15 09:28:44 | DEBUG    | train |   Params: {'learning_rate': 0.1, 'max_depth': 5, 'min_samples_split': 8, 'n_estimators': 150, 'subsample': 1.0} -> R²: 0.9939 (±0.0065)
2026-09-15 09:28:44 | DEBUG    | train |   Params: {'learning_rate': 0.1, 'max_depth': 5, 'min_samples_split': 8, 'n_estimators': 200, 'subsample': 0.8} -> R²: 0.9940 (±0.0065)
2026-09-15 09:28:44 | DEBUG    | train |   Params: {'learning_rate': 0.1, 'max_depth': 5, 'min_samples_split': 8, 'n_estimators': 200, 'subsample': 1.0} -> R²: 0.9939 (±0.0065)
2026-09-15 09:28:44 | INFO     | train | Evaluating GradientBoosting (regression)...
2026-09-15 09:28:44 | INFO     | train |   CV completed in 0.22s
2026-09-15 09:28:44 | INFO     | train |   R²:     0.9953 (±0.0039) [train: 1.0000]
2026-09-15 09:28:44 | INFO     | train |   MAE:    0.4455 (±0.2106)
2026-09-15 09:28:44 | INFO     | train |   RMSE:   1.0716 (±0.4744)
2026-09-15 09:28:44 | INFO     | train |   MSE:    1.3733
2026-09-15 09:28:44 | INFO     | train | 
--- Model: XGBoost ---
2026-09-15 09:28:44 | INFO     | train | Optuna Bayesian tuning for xgboost (regression) — 75 trials...
2026-09-15 09:28:55 | INFO     | train |   Optuna tuning completed in 10.65s
2026-09-15 09:28:55 | INFO     | train |   Best params: {'n_estimators': 300, 'max_depth': 8, 'learning_rate': 0.1990639376369523, 'subsample': 0.9479469412744097, 'colsample_bytree': 0.8098954601111138, 'min_child_weight': 10, 'reg_alpha': 0.001493268417990253, 'reg_lambda': 1.1582675455125534e-05}
2026-09-15 09:28:55 | INFO     | train |   Best CV score: 0.9951
2026-09-15 09:28:55 | INFO     | train |   Trials: 75 completed, 0 pruned
2026-09-15 09:28:55 | INFO     | train | Evaluating XGBoost (regression)...
2026-09-15 09:28:55 | INFO     | train |   CV completed in 0.20s
2026-09-15 09:28:55 | INFO     | train |   R²:     0.9951 (±0.0043) [train: 0.9999]
2026-09-15 09:28:55 | INFO     | train |   MAE:    0.4960 (±0.2467)
2026-09-15 09:28:55 | INFO     | train |   RMSE:   1.0909 (±0.5059)
2026-09-15 09:28:55 | INFO     | train |   MSE:    1.4460
2026-09-15 09:28:55 | INFO     | train | 
--- Model: CatBoost ---
2026-09-15 09:28:55 | INFO     | train | Optuna Bayesian tuning for catboost (regression) — 75 trials...
2026-09-15 09:29:48 | INFO     | train | Training already running; skipping scheduled check
2026-09-15 09:31:44 | ERROR    | train | Model training failed; scheduler will continue
joblib.externals.loky.process_executor._RemoteTraceback: 
"""
Traceback (most recent call last):
  File "C:\Users\Shiro\AppData\Local\Programs\Python\Python311\Lib\site-packages\joblib\externals\loky\process_executor.py", line 490, in _process_worker
    r = call_item()
        ^^^^^^^^^^^
  File "C:\Users\Shiro\AppData\Local\Programs\Python\Python311\Lib\site-packages\joblib\externals\loky\process_executor.py", line 291, in __call__
    return self.fn(*self.args, **self.kwargs)
           ^^^^^^^^^^^^^^^^^^^^^^^^^^^^^^^^^^
  File "C:\Users\Shiro\AppData\Local\Programs\Python\Python311\Lib\site-packages\joblib\parallel.py", line 607, in __call__
    return [func(*args, **kwargs) for func, args, kwargs in self.items]
           ^^^^^^^^^^^^^^^^^^^^^^^^^^^^^^^^^^^^^^^^^^^^^^^^^^^^^^^^^^^^
  File "C:\Users\Shiro\AppData\Local\Programs\Python\Python311\Lib\site-packages\joblib\parallel.py", line 607, in <listcomp>
    return [func(*args, **kwargs) for func, args, kwargs in self.items]
            ^^^^^^^^^^^^^^^^^^^^^
  File "C:\Users\Shiro\AppData\Local\Programs\Python\Python311\Lib\site-packages\sklearn\utils\parallel.py", line 184, in __call__
    return self.function(*args, **kwargs)
           ^^^^^^^^^^^^^^^^^^^^^^^^^^^^^^
  File "C:\Users\Shiro\AppData\Local\Programs\Python\Python311\Lib\site-packages\sklearn\model_selection\_validation.py", line 856, in _fit_and_score
    estimator.fit(X_train, y_train, **fit_params)
  File "C:\Users\Shiro\AppData\Local\Programs\Python\Python311\Lib\site-packages\catboost\core.py", line 6178, in fit
    return self._fit(X, y, cat_features, text_features, embedding_features, None, graph, sample_weight, None, None, None, None, baseline,
           ^^^^^^^^^^^^^^^^^^^^^^^^^^^^^^^^^^^^^^^^^^^^^^^^^^^^^^^^^^^^^^^^^^^^^^^^^^^^^^^^^^^^^^^^^^^^^^^^^^^^^^^^^^^^^^^^^^^^^^^^^^^^^^
  File "C:\Users\Shiro\AppData\Local\Programs\Python\Python311\Lib\site-packages\catboost\core.py", line 2716, in _fit
    self._train(
  File "C:\Users\Shiro\AppData\Local\Programs\Python\Python311\Lib\site-packages\catboost\core.py", line 1824, in _train
    self._object._train(train_pool, test_pool, params, allow_clear_pool, init_model._object if init_model else None)
  File "_catboost.pyx", line 5430, in _catboost._CatBoost._train
  File "_catboost.pyx", line 5479, in _catboost._CatBoost._train
_catboost.CatBoostError: (Error 1224: The requested operation cannot be performed on a file with a user-mapped section open.) util/system/file.cpp:936: can't open "catboost_info\\catboost_training.json" with mode CreateAlways (0x00000004)
"""

The above exception was the direct cause of the following exception:

Traceback (most recent call last):
  File "D:\Student Performance & Study Habits\ml\train.py", line 1672, in _train
    self.train_fn()
  File "D:\Student Performance & Study Habits\ml\train.py", line 1446, in train_once
    (best_reg_name, best_reg_model), reg_results, reg_tuning = train_regression_models(
                                                               ^^^^^^^^^^^^^^^^^^^^^^^^
  File "D:\Student Performance & Study Habits\ml\train.py", line 889, in train_regression_models
    tuned_model, best_params, best_cv_score = tune_with_optuna(
                                              ^^^^^^^^^^^^^^^^^
  File "D:\Student Performance & Study Habits\ml\train.py", line 625, in tune_with_optuna
    study.optimize(objective, n_trials=n_trials, n_jobs=1, show_progress_bar=False)
  File "C:\Users\Shiro\AppData\Local\Programs\Python\Python311\Lib\site-packages\optuna\study\study.py", line 516, in optimize
    _optimize(
  File "C:\Users\Shiro\AppData\Local\Programs\Python\Python311\Lib\site-packages\optuna\study\_optimize.py", line 68, in _optimize
    _optimize_sequential(
  File "C:\Users\Shiro\AppData\Local\Programs\Python\Python311\Lib\site-packages\optuna\study\_optimize.py", line 165, in _optimize_sequential
    frozen_trial_id = _run_trial(study, func, catch)
                      ^^^^^^^^^^^^^^^^^^^^^^^^^^^^^^
  File "C:\Users\Shiro\AppData\Local\Programs\Python\Python311\Lib\site-packages\optuna\study\_optimize.py", line 263, in _run_trial
    raise func_err
  File "C:\Users\Shiro\AppData\Local\Programs\Python\Python311\Lib\site-packages\optuna\study\_optimize.py", line 206, in _run_trial
    value_or_values = func(trial)
                      ^^^^^^^^^^^
  File "D:\Student Performance & Study Habits\ml\train.py", line 618, in <lambda>
    objective = lambda trial: _optuna_reg_objective(trial, X, y, cv, model_type)
                              ^^^^^^^^^^^^^^^^^^^^^^^^^^^^^^^^^^^^^^^^^^^^^^^^^^
  File "D:\Student Performance & Study Habits\ml\train.py", line 517, in _optuna_reg_objective
    scores = cross_val_score(
             ^^^^^^^^^^^^^^^^
  File "C:\Users\Shiro\AppData\Local\Programs\Python\Python311\Lib\site-packages\sklearn\utils\_param_validation.py", line 218, in wrapper
    return func(*args, **kwargs)
           ^^^^^^^^^^^^^^^^^^^^^
  File "C:\Users\Shiro\AppData\Local\Programs\Python\Python311\Lib\site-packages\sklearn\model_selection\_validation.py", line 650, in cross_val_score
    cv_results = cross_validate(
                 ^^^^^^^^^^^^^^^
  File "C:\Users\Shiro\AppData\Local\Programs\Python\Python311\Lib\site-packages\sklearn\utils\_param_validation.py", line 218, in wrapper
    return func(*args, **kwargs)
           ^^^^^^^^^^^^^^^^^^^^^
  File "C:\Users\Shiro\AppData\Local\Programs\Python\Python311\Lib\site-packages\sklearn\model_selection\_validation.py", line 372, in cross_validate
    results = parallel(
              ^^^^^^^^^
  File "C:\Users\Shiro\AppData\Local\Programs\Python\Python311\Lib\site-packages\sklearn\utils\parallel.py", line 91, in __call__
    return super().__call__(iterable_with_config_and_warning_filters)
           ^^^^^^^^^^^^^^^^^^^^^^^^^^^^^^^^^^^^^^^^^^^^^^^^^^^^^^^^^^
  File "C:\Users\Shiro\AppData\Local\Programs\Python\Python311\Lib\site-packages\joblib\parallel.py", line 2072, in __call__
    return output if self.return_generator else list(output)
                                                ^^^^^^^^^^^^
  File "C:\Users\Shiro\AppData\Local\Programs\Python\Python311\Lib\site-packages\joblib\parallel.py", line 1682, in _get_outputs
    yield from self._retrieve()
  File "C:\Users\Shiro\AppData\Local\Programs\Python\Python311\Lib\site-packages\joblib\parallel.py", line 1784, in _retrieve
    self._raise_error_fast()
  File "C:\Users\Shiro\AppData\Local\Programs\Python\Python311\Lib\site-packages\joblib\parallel.py", line 1859, in _raise_error_fast
    error_job.get_result(self.timeout)
  File "C:\Users\Shiro\AppData\Local\Programs\Python\Python311\Lib\site-packages\joblib\parallel.py", line 758, in get_result
    return self._return_or_raise()
           ^^^^^^^^^^^^^^^^^^^^^^^
  File "C:\Users\Shiro\AppData\Local\Programs\Python\Python311\Lib\site-packages\joblib\parallel.py", line 773, in _return_or_raise
    raise self._result
_catboost.CatBoostError: (Error 1224: The requested operation cannot be performed on a file with a user-mapped section open.) util/system/file.cpp:936: can't open "catboost_info\\catboost_training.json" with mode CreateAlways (0x00000004)
2026-09-15 09:31:48 | INFO     | train | Starting model training
